Java HotSpot(TM) 64-Bit Server VM (25.151-b12) for linux-amd64 JRE (1.8.0_151-b12), built on Sep  5 2017 19:20:58 by "java_re" with gcc 4.3.0 20080428 (Red Hat 4.3.0-8)
Memory: 4k page, physical 16371324k(10704864k free), swap 16714748k(16714748k free)
CommandLine flags: -XX:GCLogFileSize=104857600 -XX:+HeapDumpOnOutOfMemoryError -XX:HeapDumpPath=./dumps/ -XX:InitialHeapSize=268435456 -XX:MaxHeapSize=268435456 -XX:MaxMetaspaceSize=268435456 -XX:NumberOfGCLogFiles=10 -XX:+PrintGC -XX:+PrintGCDateStamps -XX:+PrintGCDetails -XX:+PrintGCTimeStamps -XX:+UseCompressedClassPointers -XX:+UseCompressedOops -XX:+UseG1GC -XX:+UseGCLogFileRotation 
2017-11-12T11:16:58.101+0300: 0,132: [GC pause (G1 Evacuation Pause) (young), 0,0030882 secs]
   [Parallel Time: 2,6 ms, GC Workers: 4]
      [GC Worker Start (ms): Min: 132,1, Avg: 133,3, Max: 134,6, Diff: 2,5]
      [Ext Root Scanning (ms): Min: 0,0, Avg: 0,1, Max: 0,3, Diff: 0,3, Sum: 0,6]
      [Update RS (ms): Min: 0,0, Avg: 0,0, Max: 0,0, Diff: 0,0, Sum: 0,0]
         [Processed Buffers: Min: 0, Avg: 0,0, Max: 0, Diff: 0, Sum: 0]
      [Scan RS (ms): Min: 0,0, Avg: 0,0, Max: 0,0, Diff: 0,0, Sum: 0,0]
      [Code Root Scanning (ms): Min: 0,0, Avg: 0,0, Max: 0,0, Diff: 0,0, Sum: 0,0]
      [Object Copy (ms): Min: 0,0, Avg: 1,0, Max: 2,1, Diff: 2,1, Sum: 4,1]
      [Termination (ms): Min: 0,0, Avg: 0,1, Max: 0,2, Diff: 0,2, Sum: 0,4]
         [Termination Attempts: Min: 1, Avg: 3,0, Max: 6, Diff: 5, Sum: 12]
      [GC Worker Other (ms): Min: 0,0, Avg: 0,0, Max: 0,0, Diff: 0,0, Sum: 0,0]
      [GC Worker Total (ms): Min: 0,0, Avg: 1,3, Max: 2,5, Diff: 2,5, Sum: 5,2]
      [GC Worker End (ms): Min: 134,6, Avg: 134,6, Max: 134,6, Diff: 0,0]
   [Code Root Fixup: 0,0 ms]
   [Code Root Purge: 0,0 ms]
   [Clear CT: 0,1 ms]
   [Other: 0,4 ms]
      [Choose CSet: 0,0 ms]
      [Ref Proc: 0,2 ms]
      [Ref Enq: 0,0 ms]
      [Redirty Cards: 0,1 ms]
      [Humongous Register: 0,0 ms]
      [Humongous Reclaim: 0,0 ms]
      [Free CSet: 0,0 ms]
   [Eden: 14,0M(14,0M)->0,0B(24,0M) Survivors: 0,0B->2048,0K Heap: 14,0M(256,0M)->1504,0K(256,0M)]
 [Times: user=0,01 sys=0,00, real=0,00 secs] 
2017-11-12T11:16:58.121+0300: 0,153: [GC pause (G1 Evacuation Pause) (young), 0,0062855 secs]
   [Parallel Time: 5,4 ms, GC Workers: 4]
      [GC Worker Start (ms): Min: 152,8, Avg: 152,9, Max: 153,0, Diff: 0,1]
      [Ext Root Scanning (ms): Min: 0,2, Avg: 0,3, Max: 0,4, Diff: 0,3, Sum: 1,1]
      [Update RS (ms): Min: 1,0, Avg: 1,3, Max: 1,6, Diff: 0,5, Sum: 5,2]
         [Processed Buffers: Min: 4, Avg: 5,0, Max: 6, Diff: 2, Sum: 20]
      [Scan RS (ms): Min: 0,0, Avg: 0,0, Max: 0,0, Diff: 0,0, Sum: 0,0]
      [Code Root Scanning (ms): Min: 0,0, Avg: 0,0, Max: 0,0, Diff: 0,0, Sum: 0,0]
      [Object Copy (ms): Min: 3,4, Avg: 3,7, Max: 4,0, Diff: 0,6, Sum: 14,9]
      [Termination (ms): Min: 0,0, Avg: 0,0, Max: 0,0, Diff: 0,0, Sum: 0,0]
         [Termination Attempts: Min: 1, Avg: 1,0, Max: 1, Diff: 0, Sum: 4]
      [GC Worker Other (ms): Min: 0,0, Avg: 0,0, Max: 0,0, Diff: 0,0, Sum: 0,0]
      [GC Worker Total (ms): Min: 5,3, Avg: 5,3, Max: 5,4, Diff: 0,1, Sum: 21,4]
      [GC Worker End (ms): Min: 158,2, Avg: 158,2, Max: 158,2, Diff: 0,0]
   [Code Root Fixup: 0,0 ms]
   [Code Root Purge: 0,0 ms]
   [Clear CT: 0,2 ms]
   [Other: 0,7 ms]
      [Choose CSet: 0,0 ms]
      [Ref Proc: 0,3 ms]
      [Ref Enq: 0,0 ms]
      [Redirty Cards: 0,3 ms]
      [Humongous Register: 0,0 ms]
      [Humongous Reclaim: 0,0 ms]
      [Free CSet: 0,0 ms]
   [Eden: 24,0M(24,0M)->0,0B(120,0M) Survivors: 2048,0K->4096,0K Heap: 28,0M(256,0M)->6731,8K(256,0M)]
 [Times: user=0,02 sys=0,00, real=0,01 secs] 
2017-11-12T11:16:58.176+0300: 0,208: [GC pause (G1 Evacuation Pause) (young), 0,0182592 secs]
   [Parallel Time: 18,0 ms, GC Workers: 4]
      [GC Worker Start (ms): Min: 207,8, Avg: 207,8, Max: 207,9, Diff: 0,1]
      [Ext Root Scanning (ms): Min: 0,1, Avg: 0,1, Max: 0,2, Diff: 0,1, Sum: 0,6]
      [Update RS (ms): Min: 1,7, Avg: 1,7, Max: 1,8, Diff: 0,2, Sum: 6,8]
         [Processed Buffers: Min: 6, Avg: 7,8, Max: 9, Diff: 3, Sum: 31]
      [Scan RS (ms): Min: 4,4, Avg: 4,6, Max: 4,7, Diff: 0,2, Sum: 18,4]
      [Code Root Scanning (ms): Min: 0,0, Avg: 0,0, Max: 0,0, Diff: 0,0, Sum: 0,0]
      [Object Copy (ms): Min: 11,3, Avg: 11,4, Max: 11,4, Diff: 0,1, Sum: 45,5]
      [Termination (ms): Min: 0,0, Avg: 0,0, Max: 0,0, Diff: 0,0, Sum: 0,1]
         [Termination Attempts: Min: 1, Avg: 79,2, Max: 128, Diff: 127, Sum: 317]
      [GC Worker Other (ms): Min: 0,0, Avg: 0,0, Max: 0,0, Diff: 0,0, Sum: 0,0]
      [GC Worker Total (ms): Min: 17,8, Avg: 17,8, Max: 17,9, Diff: 0,1, Sum: 71,3]
      [GC Worker End (ms): Min: 225,7, Avg: 225,7, Max: 225,7, Diff: 0,0]
   [Code Root Fixup: 0,0 ms]
   [Code Root Purge: 0,0 ms]
   [Clear CT: 0,0 ms]
   [Other: 0,2 ms]
      [Choose CSet: 0,0 ms]
      [Ref Proc: 0,0 ms]
      [Ref Enq: 0,0 ms]
      [Redirty Cards: 0,0 ms]
      [Humongous Register: 0,0 ms]
      [Humongous Reclaim: 0,0 ms]
      [Free CSet: 0,0 ms]
   [Eden: 15,0M(8192,0K)->0,0B(10,0M) Survivors: 4096,0K->2048,0K Heap: 32,8M(256,0M)->20,9M(256,0M)]
 [Times: user=0,06 sys=0,01, real=0,02 secs] 
2017-11-12T11:16:58.217+0300: 0,248: [GC pause (G1 Evacuation Pause) (young), 0,0139682 secs]
   [Parallel Time: 13,4 ms, GC Workers: 4]
      [GC Worker Start (ms): Min: 248,3, Avg: 248,3, Max: 248,3, Diff: 0,1]
      [Ext Root Scanning (ms): Min: 0,1, Avg: 0,1, Max: 0,2, Diff: 0,1, Sum: 0,5]
      [Update RS (ms): Min: 1,6, Avg: 1,9, Max: 2,1, Diff: 0,5, Sum: 7,4]
         [Processed Buffers: Min: 3, Avg: 4,2, Max: 5, Diff: 2, Sum: 17]
      [Scan RS (ms): Min: 1,4, Avg: 1,7, Max: 2,1, Diff: 0,7, Sum: 7,0]
      [Code Root Scanning (ms): Min: 0,0, Avg: 0,0, Max: 0,0, Diff: 0,0, Sum: 0,0]
      [Object Copy (ms): Min: 9,4, Avg: 9,5, Max: 9,6, Diff: 0,3, Sum: 38,1]
      [Termination (ms): Min: 0,0, Avg: 0,0, Max: 0,0, Diff: 0,0, Sum: 0,0]
         [Termination Attempts: Min: 1, Avg: 23,8, Max: 39, Diff: 38, Sum: 95]
      [GC Worker Other (ms): Min: 0,0, Avg: 0,0, Max: 0,0, Diff: 0,0, Sum: 0,0]
      [GC Worker Total (ms): Min: 13,2, Avg: 13,3, Max: 13,3, Diff: 0,1, Sum: 53,1]
      [GC Worker End (ms): Min: 261,6, Avg: 261,6, Max: 261,6, Diff: 0,0]
   [Code Root Fixup: 0,0 ms]
   [Code Root Purge: 0,0 ms]
   [Clear CT: 0,2 ms]
   [Other: 0,3 ms]
      [Choose CSet: 0,0 ms]
      [Ref Proc: 0,1 ms]
      [Ref Enq: 0,0 ms]
      [Redirty Cards: 0,1 ms]
      [Humongous Register: 0,0 ms]
      [Humongous Reclaim: 0,0 ms]
      [Free CSet: 0,0 ms]
   [Eden: 10,0M(10,0M)->0,0B(41,0M) Survivors: 2048,0K->2048,0K Heap: 44,2M(256,0M)->40,0M(256,0M)]
 [Times: user=0,06 sys=0,00, real=0,01 secs] 
2017-11-12T11:16:58.323+0300: 0,355: [GC pause (G1 Humongous Allocation) (young) (initial-mark), 0,0381997 secs]
   [Parallel Time: 37,9 ms, GC Workers: 4]
      [GC Worker Start (ms): Min: 355,0, Avg: 355,2, Max: 355,3, Diff: 0,2]
      [Ext Root Scanning (ms): Min: 0,0, Avg: 0,1, Max: 0,2, Diff: 0,2, Sum: 0,5]
      [Update RS (ms): Min: 1,3, Avg: 1,8, Max: 2,1, Diff: 0,8, Sum: 7,2]
         [Processed Buffers: Min: 3, Avg: 3,5, Max: 4, Diff: 1, Sum: 14]
      [Scan RS (ms): Min: 12,0, Avg: 12,3, Max: 12,5, Diff: 0,5, Sum: 49,0]
      [Code Root Scanning (ms): Min: 0,0, Avg: 0,0, Max: 0,0, Diff: 0,0, Sum: 0,0]
      [Object Copy (ms): Min: 23,4, Avg: 23,5, Max: 23,8, Diff: 0,4, Sum: 94,2]
      [Termination (ms): Min: 0,0, Avg: 0,0, Max: 0,0, Diff: 0,0, Sum: 0,0]
         [Termination Attempts: Min: 1, Avg: 62,5, Max: 96, Diff: 95, Sum: 250]
      [GC Worker Other (ms): Min: 0,0, Avg: 0,0, Max: 0,0, Diff: 0,0, Sum: 0,0]
      [GC Worker Total (ms): Min: 37,6, Avg: 37,7, Max: 37,9, Diff: 0,2, Sum: 151,0]
      [GC Worker End (ms): Min: 392,9, Avg: 392,9, Max: 392,9, Diff: 0,0]
   [Code Root Fixup: 0,0 ms]
   [Code Root Purge: 0,0 ms]
   [Clear CT: 0,0 ms]
   [Other: 0,2 ms]
      [Choose CSet: 0,0 ms]
      [Ref Proc: 0,0 ms]
      [Ref Enq: 0,0 ms]
      [Redirty Cards: 0,0 ms]
      [Humongous Register: 0,0 ms]
      [Humongous Reclaim: 0,0 ms]
      [Free CSet: 0,0 ms]
   [Eden: 40,0M(41,0M)->0,0B(6144,0K) Survivors: 2048,0K->6144,0K Heap: 127,4M(256,0M)->103,9M(256,0M)]
 [Times: user=0,13 sys=0,01, real=0,04 secs] 
2017-11-12T11:16:58.362+0300: 0,393: [GC concurrent-root-region-scan-start]
2017-11-12T11:16:58.367+0300: 0,399: [GC concurrent-root-region-scan-end, 0,0053407 secs]
2017-11-12T11:16:58.367+0300: 0,399: [GC concurrent-mark-start]
2017-11-12T11:16:58.382+0300: 0,413: [GC pause (G1 Evacuation Pause) (young), 0,0240130 secs]
   [Parallel Time: 23,7 ms, GC Workers: 4]
      [GC Worker Start (ms): Min: 413,5, Avg: 413,5, Max: 413,5, Diff: 0,0]
      [Ext Root Scanning (ms): Min: 0,1, Avg: 0,1, Max: 0,1, Diff: 0,0, Sum: 0,4]
      [Update RS (ms): Min: 4,5, Avg: 4,6, Max: 4,8, Diff: 0,3, Sum: 18,6]
         [Processed Buffers: Min: 9, Avg: 9,2, Max: 10, Diff: 1, Sum: 37]
      [Scan RS (ms): Min: 3,3, Avg: 3,5, Max: 3,6, Diff: 0,3, Sum: 14,0]
      [Code Root Scanning (ms): Min: 0,0, Avg: 0,0, Max: 0,0, Diff: 0,0, Sum: 0,0]
      [Object Copy (ms): Min: 15,4, Avg: 15,4, Max: 15,4, Diff: 0,0, Sum: 61,7]
      [Termination (ms): Min: 0,0, Avg: 0,0, Max: 0,0, Diff: 0,0, Sum: 0,0]
         [Termination Attempts: Min: 1, Avg: 43,5, Max: 86, Diff: 85, Sum: 174]
      [GC Worker Other (ms): Min: 0,0, Avg: 0,0, Max: 0,0, Diff: 0,0, Sum: 0,0]
      [GC Worker Total (ms): Min: 23,7, Avg: 23,7, Max: 23,7, Diff: 0,0, Sum: 94,8]
      [GC Worker End (ms): Min: 437,2, Avg: 437,2, Max: 437,2, Diff: 0,0]
   [Code Root Fixup: 0,0 ms]
   [Code Root Purge: 0,0 ms]
   [Clear CT: 0,0 ms]
   [Other: 0,2 ms]
      [Choose CSet: 0,0 ms]
      [Ref Proc: 0,1 ms]
      [Ref Enq: 0,0 ms]
      [Redirty Cards: 0,1 ms]
      [Humongous Register: 0,0 ms]
      [Humongous Reclaim: 0,0 ms]
      [Free CSet: 0,0 ms]
   [Eden: 6144,0K(6144,0K)->0,0B(10,0M) Survivors: 6144,0K->2048,0K Heap: 117,6M(256,0M)->118,6M(256,0M)]
 [Times: user=0,10 sys=0,00, real=0,03 secs] 
2017-11-12T11:16:58.410+0300: 0,442: [GC concurrent-mark-end, 0,0432956 secs]
2017-11-12T11:16:58.415+0300: 0,446: [GC remark 2017-11-12T11:16:58.415+0300: 0,446: [Finalize Marking, 0,0001041 secs] 2017-11-12T11:16:58.415+0300: 0,446: [GC ref-proc, 0,0000491 secs] 2017-11-12T11:16:58.415+0300: 0,446: [Unloading, 0,0004101 secs], 0,0006584 secs]
 [Times: user=0,00 sys=0,00, real=0,00 secs] 
2017-11-12T11:16:58.420+0300: 0,451: [GC cleanup 122M->43M(256M), 0,0003026 secs]
 [Times: user=0,00 sys=0,00, real=0,00 secs] 
2017-11-12T11:16:58.420+0300: 0,452: [GC concurrent-cleanup-start]
2017-11-12T11:16:58.420+0300: 0,452: [GC concurrent-cleanup-end, 0,0000745 secs]
2017-11-12T11:16:58.432+0300: 0,463: [GC pause (G1 Evacuation Pause) (young), 0,0112106 secs]
   [Parallel Time: 10,8 ms, GC Workers: 4]
      [GC Worker Start (ms): Min: 463,3, Avg: 463,4, Max: 463,4, Diff: 0,1]
      [Ext Root Scanning (ms): Min: 0,1, Avg: 0,1, Max: 0,2, Diff: 0,1, Sum: 0,5]
      [Update RS (ms): Min: 1,2, Avg: 1,5, Max: 1,7, Diff: 0,6, Sum: 6,1]
         [Processed Buffers: Min: 3, Avg: 3,2, Max: 4, Diff: 1, Sum: 13]
      [Scan RS (ms): Min: 0,8, Avg: 1,0, Max: 1,4, Diff: 0,5, Sum: 4,1]
      [Code Root Scanning (ms): Min: 0,0, Avg: 0,0, Max: 0,0, Diff: 0,0, Sum: 0,0]
      [Object Copy (ms): Min: 8,0, Avg: 8,1, Max: 8,1, Diff: 0,1, Sum: 32,2]
      [Termination (ms): Min: 0,0, Avg: 0,0, Max: 0,0, Diff: 0,0, Sum: 0,0]
         [Termination Attempts: Min: 1, Avg: 10,5, Max: 24, Diff: 23, Sum: 42]
      [GC Worker Other (ms): Min: 0,0, Avg: 0,0, Max: 0,0, Diff: 0,0, Sum: 0,0]
      [GC Worker Total (ms): Min: 10,7, Avg: 10,8, Max: 10,8, Diff: 0,1, Sum: 43,0]
      [GC Worker End (ms): Min: 474,1, Avg: 474,1, Max: 474,1, Diff: 0,0]
   [Code Root Fixup: 0,0 ms]
   [Code Root Purge: 0,0 ms]
   [Clear CT: 0,1 ms]
   [Other: 0,3 ms]
      [Choose CSet: 0,0 ms]
      [Ref Proc: 0,1 ms]
      [Ref Enq: 0,0 ms]
      [Redirty Cards: 0,1 ms]
      [Humongous Register: 0,0 ms]
      [Humongous Reclaim: 0,0 ms]
      [Free CSet: 0,0 ms]
   [Eden: 10,0M(10,0M)->0,0B(37,0M) Survivors: 2048,0K->2048,0K Heap: 60,2M(256,0M)->58,2M(256,0M)]
 [Times: user=0,05 sys=0,00, real=0,01 secs] 
2017-11-12T11:16:58.531+0300: 0,563: [GC pause (G1 Evacuation Pause) (young), 0,0283495 secs]
   [Parallel Time: 28,0 ms, GC Workers: 4]
      [GC Worker Start (ms): Min: 562,9, Avg: 563,0, Max: 563,0, Diff: 0,1]
      [Ext Root Scanning (ms): Min: 0,1, Avg: 0,1, Max: 0,1, Diff: 0,1, Sum: 0,5]
      [Update RS (ms): Min: 1,6, Avg: 1,9, Max: 2,2, Diff: 0,5, Sum: 7,6]
         [Processed Buffers: Min: 4, Avg: 4,0, Max: 4, Diff: 0, Sum: 16]
      [Scan RS (ms): Min: 5,8, Avg: 6,1, Max: 6,4, Diff: 0,6, Sum: 24,4]
      [Code Root Scanning (ms): Min: 0,0, Avg: 0,0, Max: 0,0, Diff: 0,0, Sum: 0,0]
      [Object Copy (ms): Min: 19,8, Avg: 19,8, Max: 19,9, Diff: 0,0, Sum: 79,4]
      [Termination (ms): Min: 0,0, Avg: 0,0, Max: 0,0, Diff: 0,0, Sum: 0,0]
         [Termination Attempts: Min: 1, Avg: 63,2, Max: 85, Diff: 84, Sum: 253]
      [GC Worker Other (ms): Min: 0,0, Avg: 0,0, Max: 0,0, Diff: 0,0, Sum: 0,0]
      [GC Worker Total (ms): Min: 27,9, Avg: 28,0, Max: 28,0, Diff: 0,1, Sum: 111,9]
      [GC Worker End (ms): Min: 590,9, Avg: 590,9, Max: 590,9, Diff: 0,0]
   [Code Root Fixup: 0,0 ms]
   [Code Root Purge: 0,0 ms]
   [Clear CT: 0,0 ms]
   [Other: 0,3 ms]
      [Choose CSet: 0,0 ms]
      [Ref Proc: 0,1 ms]
      [Ref Enq: 0,0 ms]
      [Redirty Cards: 0,0 ms]
      [Humongous Register: 0,0 ms]
      [Humongous Reclaim: 0,0 ms]
      [Free CSet: 0,0 ms]
   [Eden: 37,0M(37,0M)->0,0B(35,0M) Survivors: 2048,0K->5120,0K Heap: 142,1M(256,0M)->124,1M(256,0M)]
 [Times: user=0,10 sys=0,01, real=0,03 secs] 
2017-11-12T11:16:58.562+0300: 0,593: [GC pause (G1 Humongous Allocation) (young) (initial-mark), 0,0213789 secs]
   [Parallel Time: 21,1 ms, GC Workers: 4]
      [GC Worker Start (ms): Min: 593,3, Avg: 593,3, Max: 593,4, Diff: 0,1]
      [Ext Root Scanning (ms): Min: 0,0, Avg: 0,1, Max: 0,2, Diff: 0,2, Sum: 0,5]
      [Update RS (ms): Min: 7,7, Avg: 7,9, Max: 8,1, Diff: 0,4, Sum: 31,6]
         [Processed Buffers: Min: 12, Avg: 15,2, Max: 17, Diff: 5, Sum: 61]
      [Scan RS (ms): Min: 0,9, Avg: 1,1, Max: 1,3, Diff: 0,4, Sum: 4,3]
      [Code Root Scanning (ms): Min: 0,0, Avg: 0,0, Max: 0,0, Diff: 0,0, Sum: 0,0]
      [Object Copy (ms): Min: 11,9, Avg: 12,0, Max: 12,0, Diff: 0,1, Sum: 47,8]
      [Termination (ms): Min: 0,0, Avg: 0,0, Max: 0,0, Diff: 0,0, Sum: 0,1]
         [Termination Attempts: Min: 1, Avg: 136,8, Max: 218, Diff: 217, Sum: 547]
      [GC Worker Other (ms): Min: 0,0, Avg: 0,0, Max: 0,0, Diff: 0,0, Sum: 0,0]
      [GC Worker Total (ms): Min: 21,0, Avg: 21,1, Max: 21,1, Diff: 0,1, Sum: 84,3]
      [GC Worker End (ms): Min: 614,4, Avg: 614,4, Max: 614,4, Diff: 0,0]
   [Code Root Fixup: 0,0 ms]
   [Code Root Purge: 0,0 ms]
   [Clear CT: 0,0 ms]
   [Other: 0,2 ms]
      [Choose CSet: 0,0 ms]
      [Ref Proc: 0,1 ms]
      [Ref Enq: 0,0 ms]
      [Redirty Cards: 0,0 ms]
      [Humongous Register: 0,0 ms]
      [Humongous Reclaim: 0,0 ms]
      [Free CSet: 0,0 ms]
   [Eden: 1024,0K(35,0M)->0,0B(69,0M) Survivors: 5120,0K->1024,0K Heap: 124,6M(256,0M)->126,1M(256,0M)]
 [Times: user=0,08 sys=0,00, real=0,02 secs] 
2017-11-12T11:16:58.583+0300: 0,615: [GC concurrent-root-region-scan-start]
2017-11-12T11:16:58.583+0300: 0,615: [GC concurrent-root-region-scan-end, 0,0002504 secs]
2017-11-12T11:16:58.583+0300: 0,615: [GC concurrent-mark-start]
2017-11-12T11:16:58.643+0300: 0,674: [GC concurrent-mark-end, 0,0594362 secs]
2017-11-12T11:16:58.647+0300: 0,678: [GC remark 2017-11-12T11:16:58.647+0300: 0,678: [Finalize Marking, 0,0001096 secs] 2017-11-12T11:16:58.647+0300: 0,679: [GC ref-proc, 0,0000478 secs] 2017-11-12T11:16:58.647+0300: 0,679: [Unloading, 0,0004206 secs], 0,0007451 secs]
 [Times: user=0,00 sys=0,00, real=0,00 secs] 
2017-11-12T11:16:58.649+0300: 0,680: [GC cleanup 173M->94M(256M), 0,0004305 secs]
 [Times: user=0,00 sys=0,00, real=0,00 secs] 
2017-11-12T11:16:58.649+0300: 0,680: [GC concurrent-cleanup-start]
2017-11-12T11:16:58.649+0300: 0,681: [GC concurrent-cleanup-end, 0,0000686 secs]
2017-11-12T11:16:58.744+0300: 0,776: [GC pause (G1 Evacuation Pause) (young), 0,0524639 secs]
   [Parallel Time: 52,2 ms, GC Workers: 4]
      [GC Worker Start (ms): Min: 775,6, Avg: 775,6, Max: 775,7, Diff: 0,1]
      [Ext Root Scanning (ms): Min: 0,1, Avg: 0,1, Max: 0,1, Diff: 0,1, Sum: 0,5]
      [Update RS (ms): Min: 1,8, Avg: 2,0, Max: 2,2, Diff: 0,4, Sum: 8,2]
         [Processed Buffers: Min: 4, Avg: 4,2, Max: 5, Diff: 1, Sum: 17]
      [Scan RS (ms): Min: 12,0, Avg: 12,1, Max: 12,3, Diff: 0,3, Sum: 48,5]
      [Code Root Scanning (ms): Min: 0,0, Avg: 0,0, Max: 0,0, Diff: 0,0, Sum: 0,0]
      [Object Copy (ms): Min: 37,7, Avg: 37,8, Max: 37,9, Diff: 0,2, Sum: 151,0]
      [Termination (ms): Min: 0,0, Avg: 0,0, Max: 0,1, Diff: 0,1, Sum: 0,1]
         [Termination Attempts: Min: 1, Avg: 229,0, Max: 339, Diff: 338, Sum: 916]
      [GC Worker Other (ms): Min: 0,0, Avg: 0,0, Max: 0,0, Diff: 0,0, Sum: 0,0]
      [GC Worker Total (ms): Min: 52,1, Avg: 52,1, Max: 52,1, Diff: 0,1, Sum: 208,4]
      [GC Worker End (ms): Min: 827,7, Avg: 827,7, Max: 827,7, Diff: 0,0]
   [Code Root Fixup: 0,0 ms]
   [Code Root Purge: 0,0 ms]
   [Clear CT: 0,0 ms]
   [Other: 0,2 ms]
      [Choose CSet: 0,0 ms]
      [Ref Proc: 0,0 ms]
      [Ref Enq: 0,0 ms]
      [Redirty Cards: 0,1 ms]
      [Humongous Register: 0,0 ms]
      [Humongous Reclaim: 0,0 ms]
      [Free CSet: 0,1 ms]
   [Eden: 69,0M(69,0M)->0,0B(3072,0K) Survivors: 1024,0K->9216,0K Heap: 199,1M(256,0M)->166,6M(256,0M)]
 [Times: user=0,20 sys=0,01, real=0,06 secs] 
2017-11-12T11:16:58.821+0300: 0,852: [GC pause (G1 Evacuation Pause) (mixed), 0,0387581 secs]
   [Parallel Time: 38,2 ms, GC Workers: 4]
      [GC Worker Start (ms): Min: 852,5, Avg: 852,6, Max: 852,6, Diff: 0,1]
      [Ext Root Scanning (ms): Min: 0,1, Avg: 0,1, Max: 0,2, Diff: 0,1, Sum: 0,4]
      [Update RS (ms): Min: 9,3, Avg: 9,4, Max: 9,5, Diff: 0,1, Sum: 37,4]
         [Processed Buffers: Min: 18, Avg: 19,5, Max: 21, Diff: 3, Sum: 78]
      [Scan RS (ms): Min: 7,6, Avg: 7,7, Max: 7,7, Diff: 0,2, Sum: 30,7]
      [Code Root Scanning (ms): Min: 0,0, Avg: 0,0, Max: 0,0, Diff: 0,0, Sum: 0,0]
      [Object Copy (ms): Min: 21,0, Avg: 21,0, Max: 21,0, Diff: 0,1, Sum: 84,0]
      [Termination (ms): Min: 0,0, Avg: 0,0, Max: 0,0, Diff: 0,0, Sum: 0,1]
         [Termination Attempts: Min: 1, Avg: 154,0, Max: 212, Diff: 211, Sum: 616]
      [GC Worker Other (ms): Min: 0,0, Avg: 0,0, Max: 0,0, Diff: 0,0, Sum: 0,0]
      [GC Worker Total (ms): Min: 38,1, Avg: 38,2, Max: 38,2, Diff: 0,1, Sum: 152,7]
      [GC Worker End (ms): Min: 890,7, Avg: 890,7, Max: 890,7, Diff: 0,0]
   [Code Root Fixup: 0,0 ms]
   [Code Root Purge: 0,0 ms]
   [Clear CT: 0,1 ms]
   [Other: 0,4 ms]
      [Choose CSet: 0,0 ms]
      [Ref Proc: 0,1 ms]
      [Ref Enq: 0,0 ms]
      [Redirty Cards: 0,1 ms]
      [Humongous Register: 0,0 ms]
      [Humongous Reclaim: 0,0 ms]
      [Free CSet: 0,1 ms]
   [Eden: 3072,0K(3072,0K)->0,0B(34,0M) Survivors: 9216,0K->1024,0K Heap: 184,5M(256,0M)->168,0M(256,0M)]
 [Times: user=0,16 sys=0,00, real=0,04 secs] 
2017-11-12T11:16:58.872+0300: 0,903: [GC pause (G1 Humongous Allocation) (young) (initial-mark), 0,0142630 secs]
   [Parallel Time: 13,7 ms, GC Workers: 4]
      [GC Worker Start (ms): Min: 903,4, Avg: 903,4, Max: 903,4, Diff: 0,0]
      [Ext Root Scanning (ms): Min: 0,1, Avg: 0,1, Max: 0,1, Diff: 0,0, Sum: 0,5]
      [Update RS (ms): Min: 5,6, Avg: 5,9, Max: 6,1, Diff: 0,5, Sum: 23,4]
         [Processed Buffers: Min: 11, Avg: 11,8, Max: 13, Diff: 2, Sum: 47]
      [Scan RS (ms): Min: 0,0, Avg: 0,0, Max: 0,0, Diff: 0,0, Sum: 0,0]
      [Code Root Scanning (ms): Min: 0,0, Avg: 0,0, Max: 0,0, Diff: 0,0, Sum: 0,0]
      [Object Copy (ms): Min: 7,5, Avg: 7,7, Max: 7,9, Diff: 0,4, Sum: 30,7]
      [Termination (ms): Min: 0,0, Avg: 0,0, Max: 0,0, Diff: 0,0, Sum: 0,0]
         [Termination Attempts: Min: 1, Avg: 11,5, Max: 22, Diff: 21, Sum: 46]
      [GC Worker Other (ms): Min: 0,0, Avg: 0,0, Max: 0,0, Diff: 0,0, Sum: 0,0]
      [GC Worker Total (ms): Min: 13,7, Avg: 13,7, Max: 13,7, Diff: 0,0, Sum: 54,7]
      [GC Worker End (ms): Min: 917,1, Avg: 917,1, Max: 917,1, Diff: 0,0]
   [Code Root Fixup: 0,0 ms]
   [Code Root Purge: 0,0 ms]
   [Clear CT: 0,1 ms]
   [Other: 0,4 ms]
      [Choose CSet: 0,0 ms]
      [Ref Proc: 0,2 ms]
      [Ref Enq: 0,0 ms]
      [Redirty Cards: 0,1 ms]
      [Humongous Register: 0,0 ms]
      [Humongous Reclaim: 0,0 ms]
      [Free CSet: 0,0 ms]
   [Eden: 9216,0K(34,0M)->0,0B(24,0M) Survivors: 1024,0K->5120,0K Heap: 176,5M(256,0M)->178,5M(256,0M)]
 [Times: user=0,05 sys=0,00, real=0,02 secs] 
2017-11-12T11:16:58.886+0300: 0,918: [GC concurrent-root-region-scan-start]
2017-11-12T11:16:58.890+0300: 0,921: [GC concurrent-root-region-scan-end, 0,0034342 secs]
2017-11-12T11:16:58.890+0300: 0,921: [GC concurrent-mark-start]
2017-11-12T11:16:58.958+0300: 0,990: [GC pause (G1 Humongous Allocation) (young), 0,0170112 secs]
   [Parallel Time: 16,4 ms, GC Workers: 4]
      [GC Worker Start (ms): Min: 989,8, Avg: 989,8, Max: 989,8, Diff: 0,0]
      [Ext Root Scanning (ms): Min: 0,1, Avg: 0,1, Max: 0,1, Diff: 0,0, Sum: 0,5]
      [Update RS (ms): Min: 5,1, Avg: 5,3, Max: 5,5, Diff: 0,4, Sum: 21,2]
         [Processed Buffers: Min: 9, Avg: 10,5, Max: 11, Diff: 2, Sum: 42]
      [Scan RS (ms): Min: 1,0, Avg: 1,2, Max: 1,4, Diff: 0,3, Sum: 4,8]
      [Code Root Scanning (ms): Min: 0,0, Avg: 0,0, Max: 0,0, Diff: 0,0, Sum: 0,0]
      [Object Copy (ms): Min: 9,6, Avg: 9,6, Max: 9,7, Diff: 0,0, Sum: 38,6]
      [Termination (ms): Min: 0,0, Avg: 0,0, Max: 0,0, Diff: 0,0, Sum: 0,0]
         [Termination Attempts: Min: 1, Avg: 2,2, Max: 4, Diff: 3, Sum: 9]
      [GC Worker Other (ms): Min: 0,0, Avg: 0,0, Max: 0,0, Diff: 0,0, Sum: 0,0]
      [GC Worker Total (ms): Min: 16,3, Avg: 16,3, Max: 16,3, Diff: 0,0, Sum: 65,1]
      [GC Worker End (ms): Min: 1006,1, Avg: 1006,1, Max: 1006,1, Diff: 0,0]
   [Code Root Fixup: 0,0 ms]
   [Code Root Purge: 0,0 ms]
   [Clear CT: 0,2 ms]
   [Other: 0,4 ms]
      [Choose CSet: 0,0 ms]
      [Ref Proc: 0,2 ms]
      [Ref Enq: 0,0 ms]
      [Redirty Cards: 0,1 ms]
      [Humongous Register: 0,0 ms]
      [Humongous Reclaim: 0,0 ms]
      [Free CSet: 0,0 ms]
   [Eden: 22,0M(24,0M)->0,0B(8192,0K) Survivors: 5120,0K->4096,0K Heap: 225,8M(256,0M)->213,3M(256,0M)]
 [Times: user=0,07 sys=0,00, real=0,02 secs] 
2017-11-12T11:16:58.991+0300: 1,023: [GC pause (G1 Evacuation Pause) (young), 0,0145628 secs]
   [Parallel Time: 14,1 ms, GC Workers: 4]
      [GC Worker Start (ms): Min: 1022,7, Avg: 1022,7, Max: 1022,8, Diff: 0,1]
      [Ext Root Scanning (ms): Min: 0,1, Avg: 0,1, Max: 0,2, Diff: 0,1, Sum: 0,4]
      [Update RS (ms): Min: 2,7, Avg: 2,9, Max: 3,3, Diff: 0,5, Sum: 11,6]
         [Processed Buffers: Min: 5, Avg: 5,8, Max: 6, Diff: 1, Sum: 23]
      [Scan RS (ms): Min: 0,4, Avg: 0,8, Max: 0,9, Diff: 0,5, Sum: 3,0]
      [Code Root Scanning (ms): Min: 0,0, Avg: 0,0, Max: 0,0, Diff: 0,0, Sum: 0,0]
      [Object Copy (ms): Min: 10,3, Avg: 10,3, Max: 10,3, Diff: 0,0, Sum: 41,1]
      [Termination (ms): Min: 0,0, Avg: 0,0, Max: 0,0, Diff: 0,0, Sum: 0,0]
         [Termination Attempts: Min: 1, Avg: 45,8, Max: 81, Diff: 80, Sum: 183]
      [GC Worker Other (ms): Min: 0,0, Avg: 0,0, Max: 0,0, Diff: 0,0, Sum: 0,0]
      [GC Worker Total (ms): Min: 14,0, Avg: 14,1, Max: 14,1, Diff: 0,1, Sum: 56,3]
      [GC Worker End (ms): Min: 1036,8, Avg: 1036,8, Max: 1036,8, Diff: 0,0]
   [Code Root Fixup: 0,0 ms]
   [Code Root Purge: 0,0 ms]
   [Clear CT: 0,1 ms]
   [Other: 0,3 ms]
      [Choose CSet: 0,0 ms]
      [Ref Proc: 0,1 ms]
      [Ref Enq: 0,0 ms]
      [Redirty Cards: 0,1 ms]
      [Humongous Register: 0,0 ms]
      [Humongous Reclaim: 0,0 ms]
      [Free CSet: 0,0 ms]
   [Eden: 8192,0K(8192,0K)->0,0B(10,0M) Survivors: 4096,0K->2048,0K Heap: 231,8M(256,0M)->232,8M(256,0M)]
 [Times: user=0,05 sys=0,00, real=0,02 secs] 
2017-11-12T11:16:59.010+0300: 1,042: [GC concurrent-mark-end, 0,1206184 secs]
2017-11-12T11:16:59.011+0300: 1,042: [GC remark 2017-11-12T11:16:59.011+0300: 1,042: [Finalize Marking, 0,0000515 secs] 2017-11-12T11:16:59.011+0300: 1,042: [GC ref-proc, 0,0000471 secs] 2017-11-12T11:16:59.011+0300: 1,042: [Unloading, 0,0003874 secs], 0,0006258 secs]
 [Times: user=0,00 sys=0,00, real=0,00 secs] 
2017-11-12T11:16:59.011+0300: 1,043: [GC cleanup 233M->107M(256M), 0,0002683 secs]
 [Times: user=0,01 sys=0,00, real=0,00 secs] 
2017-11-12T11:16:59.012+0300: 1,043: [GC concurrent-cleanup-start]
2017-11-12T11:16:59.012+0300: 1,043: [GC concurrent-cleanup-end, 0,0000681 secs]
2017-11-12T11:16:59.045+0300: 1,077: [GC pause (G1 Evacuation Pause) (young), 0,0140125 secs]
   [Parallel Time: 13,3 ms, GC Workers: 4]
      [GC Worker Start (ms): Min: 1076,8, Avg: 1076,8, Max: 1076,9, Diff: 0,1]
      [Ext Root Scanning (ms): Min: 0,1, Avg: 0,1, Max: 0,2, Diff: 0,1, Sum: 0,6]
      [Update RS (ms): Min: 6,6, Avg: 6,8, Max: 7,0, Diff: 0,3, Sum: 27,2]
         [Processed Buffers: Min: 13, Avg: 13,5, Max: 14, Diff: 1, Sum: 54]
      [Scan RS (ms): Min: 0,1, Avg: 0,3, Max: 0,5, Diff: 0,4, Sum: 1,3]
      [Code Root Scanning (ms): Min: 0,0, Avg: 0,0, Max: 0,0, Diff: 0,0, Sum: 0,0]
      [Object Copy (ms): Min: 5,9, Avg: 5,9, Max: 6,0, Diff: 0,1, Sum: 23,7]
      [Termination (ms): Min: 0,0, Avg: 0,1, Max: 0,1, Diff: 0,1, Sum: 0,2]
         [Termination Attempts: Min: 1, Avg: 8,8, Max: 15, Diff: 14, Sum: 35]
      [GC Worker Other (ms): Min: 0,0, Avg: 0,0, Max: 0,0, Diff: 0,0, Sum: 0,0]
      [GC Worker Total (ms): Min: 13,2, Avg: 13,2, Max: 13,3, Diff: 0,1, Sum: 53,0]
      [GC Worker End (ms): Min: 1090,1, Avg: 1090,1, Max: 1090,1, Diff: 0,0]
   [Code Root Fixup: 0,0 ms]
   [Code Root Purge: 0,0 ms]
   [Clear CT: 0,2 ms]
   [Other: 0,5 ms]
      [Choose CSet: 0,0 ms]
      [Ref Proc: 0,2 ms]
      [Ref Enq: 0,0 ms]
      [Redirty Cards: 0,2 ms]
      [Humongous Register: 0,0 ms]
      [Humongous Reclaim: 0,0 ms]
      [Free CSet: 0,0 ms]
   [Eden: 10,0M(10,0M)->0,0B(10,0M) Survivors: 2048,0K->2048,0K Heap: 134,2M(256,0M)->128,2M(256,0M)]
 [Times: user=0,05 sys=0,00, real=0,02 secs] 
2017-11-12T11:16:59.077+0300: 1,108: [GC pause (G1 Evacuation Pause) (mixed), 0,0280510 secs]
   [Parallel Time: 27,3 ms, GC Workers: 4]
      [GC Worker Start (ms): Min: 1108,1, Avg: 1108,2, Max: 1108,2, Diff: 0,1]
      [Ext Root Scanning (ms): Min: 0,1, Avg: 0,1, Max: 0,2, Diff: 0,1, Sum: 0,4]
      [Update RS (ms): Min: 4,9, Avg: 5,0, Max: 5,2, Diff: 0,2, Sum: 20,2]
         [Processed Buffers: Min: 9, Avg: 9,8, Max: 11, Diff: 2, Sum: 39]
      [Scan RS (ms): Min: 2,4, Avg: 2,9, Max: 3,9, Diff: 1,5, Sum: 11,6]
      [Code Root Scanning (ms): Min: 0,0, Avg: 0,0, Max: 0,0, Diff: 0,0, Sum: 0,0]
      [Object Copy (ms): Min: 17,9, Avg: 19,0, Max: 19,4, Diff: 1,5, Sum: 76,1]
      [Termination (ms): Min: 0,0, Avg: 0,0, Max: 0,0, Diff: 0,0, Sum: 0,1]
         [Termination Attempts: Min: 1, Avg: 110,5, Max: 198, Diff: 197, Sum: 442]
      [GC Worker Other (ms): Min: 0,0, Avg: 0,0, Max: 0,0, Diff: 0,0, Sum: 0,0]
      [GC Worker Total (ms): Min: 27,1, Avg: 27,1, Max: 27,2, Diff: 0,1, Sum: 108,4]
      [GC Worker End (ms): Min: 1135,3, Avg: 1135,3, Max: 1135,3, Diff: 0,0]
   [Code Root Fixup: 0,0 ms]
   [Code Root Purge: 0,0 ms]
   [Clear CT: 0,3 ms]
   [Other: 0,4 ms]
      [Choose CSet: 0,0 ms]
      [Ref Proc: 0,2 ms]
      [Ref Enq: 0,0 ms]
      [Redirty Cards: 0,1 ms]
      [Humongous Register: 0,0 ms]
      [Humongous Reclaim: 0,0 ms]
      [Free CSet: 0,0 ms]
   [Eden: 10,0M(10,0M)->0,0B(48,0M) Survivors: 2048,0K->2048,0K Heap: 149,7M(256,0M)->144,7M(256,0M)]
 [Times: user=0,11 sys=0,00, real=0,02 secs] 
2017-11-12T11:16:59.115+0300: 1,147: [GC pause (G1 Humongous Allocation) (young) (initial-mark), 0,0140977 secs]
   [Parallel Time: 13,4 ms, GC Workers: 4]
      [GC Worker Start (ms): Min: 1146,8, Avg: 1146,8, Max: 1146,8, Diff: 0,1]
      [Ext Root Scanning (ms): Min: 0,1, Avg: 0,1, Max: 0,2, Diff: 0,1, Sum: 0,5]
      [Update RS (ms): Min: 3,1, Avg: 3,2, Max: 3,3, Diff: 0,2, Sum: 12,7]
         [Processed Buffers: Min: 6, Avg: 6,2, Max: 7, Diff: 1, Sum: 25]
      [Scan RS (ms): Min: 0,4, Avg: 0,5, Max: 0,6, Diff: 0,2, Sum: 2,0]
      [Code Root Scanning (ms): Min: 0,0, Avg: 0,0, Max: 0,0, Diff: 0,0, Sum: 0,0]
      [Object Copy (ms): Min: 9,5, Avg: 9,5, Max: 9,5, Diff: 0,1, Sum: 38,0]
      [Termination (ms): Min: 0,0, Avg: 0,0, Max: 0,0, Diff: 0,0, Sum: 0,0]
         [Termination Attempts: Min: 1, Avg: 9,0, Max: 17, Diff: 16, Sum: 36]
      [GC Worker Other (ms): Min: 0,0, Avg: 0,0, Max: 0,0, Diff: 0,0, Sum: 0,0]
      [GC Worker Total (ms): Min: 13,3, Avg: 13,3, Max: 13,4, Diff: 0,1, Sum: 53,3]
      [GC Worker End (ms): Min: 1160,1, Avg: 1160,1, Max: 1160,1, Diff: 0,0]
   [Code Root Fixup: 0,0 ms]
   [Code Root Purge: 0,0 ms]
   [Clear CT: 0,2 ms]
   [Other: 0,5 ms]
      [Choose CSet: 0,0 ms]
      [Ref Proc: 0,2 ms]
      [Ref Enq: 0,0 ms]
      [Redirty Cards: 0,2 ms]
      [Humongous Register: 0,0 ms]
      [Humongous Reclaim: 0,0 ms]
      [Free CSet: 0,0 ms]
   [Eden: 10,0M(48,0M)->0,0B(39,0M) Survivors: 2048,0K->7168,0K Heap: 154,7M(256,0M)->155,2M(256,0M)]
 [Times: user=0,06 sys=0,00, real=0,01 secs] 
2017-11-12T11:16:59.129+0300: 1,161: [GC concurrent-root-region-scan-start]
2017-11-12T11:16:59.136+0300: 1,167: [GC concurrent-root-region-scan-end, 0,0060928 secs]
2017-11-12T11:16:59.136+0300: 1,167: [GC concurrent-mark-start]
2017-11-12T11:16:59.286+0300: 1,318: [GC concurrent-mark-end, 0,1508308 secs]
2017-11-12T11:16:59.291+0300: 1,323: [GC remark 2017-11-12T11:16:59.291+0300: 1,323: [Finalize Marking, 0,0002456 secs] 2017-11-12T11:16:59.291+0300: 1,323: [GC ref-proc, 0,0000500 secs] 2017-11-12T11:16:59.291+0300: 1,323: [Unloading, 0,0004364 secs], 0,0009725 secs]
 [Times: user=0,00 sys=0,00, real=0,00 secs] 
2017-11-12T11:16:59.292+0300: 1,324: [GC cleanup 227M->153M(256M), 0,0004362 secs]
 [Times: user=0,00 sys=0,00, real=0,00 secs] 
2017-11-12T11:16:59.293+0300: 1,324: [GC concurrent-cleanup-start]
2017-11-12T11:16:59.293+0300: 1,324: [GC concurrent-cleanup-end, 0,0000442 secs]
2017-11-12T11:16:59.309+0300: 1,340: [GC pause (G1 Evacuation Pause) (young), 0,0272640 secs]
   [Parallel Time: 27,0 ms, GC Workers: 4]
      [GC Worker Start (ms): Min: 1340,2, Avg: 1340,2, Max: 1340,2, Diff: 0,0]
      [Ext Root Scanning (ms): Min: 0,1, Avg: 0,1, Max: 0,1, Diff: 0,0, Sum: 0,5]
      [Update RS (ms): Min: 3,4, Avg: 3,7, Max: 3,8, Diff: 0,4, Sum: 14,7]
         [Processed Buffers: Min: 7, Avg: 7,0, Max: 7, Diff: 0, Sum: 28]
      [Scan RS (ms): Min: 3,6, Avg: 3,7, Max: 4,0, Diff: 0,5, Sum: 14,9]
      [Code Root Scanning (ms): Min: 0,0, Avg: 0,0, Max: 0,0, Diff: 0,0, Sum: 0,0]
      [Object Copy (ms): Min: 19,4, Avg: 19,4, Max: 19,4, Diff: 0,0, Sum: 77,6]
      [Termination (ms): Min: 0,0, Avg: 0,0, Max: 0,0, Diff: 0,0, Sum: 0,0]
         [Termination Attempts: Min: 1, Avg: 63,8, Max: 99, Diff: 98, Sum: 255]
      [GC Worker Other (ms): Min: 0,0, Avg: 0,0, Max: 0,0, Diff: 0,0, Sum: 0,0]
      [GC Worker Total (ms): Min: 26,9, Avg: 27,0, Max: 27,0, Diff: 0,0, Sum: 107,8]
      [GC Worker End (ms): Min: 1367,1, Avg: 1367,1, Max: 1367,1, Diff: 0,0]
   [Code Root Fixup: 0,0 ms]
   [Code Root Purge: 0,0 ms]
   [Clear CT: 0,0 ms]
   [Other: 0,2 ms]
      [Choose CSet: 0,0 ms]
      [Ref Proc: 0,1 ms]
      [Ref Enq: 0,0 ms]
      [Redirty Cards: 0,0 ms]
      [Humongous Register: 0,0 ms]
      [Humongous Reclaim: 0,0 ms]
      [Free CSet: 0,0 ms]
   [Eden: 39,0M(39,0M)->0,0B(6144,0K) Survivors: 7168,0K->6144,0K Heap: 174,7M(256,0M)->152,7M(256,0M)]
 [Times: user=0,11 sys=0,00, real=0,03 secs] 
2017-11-12T11:16:59.348+0300: 1,380: [GC pause (G1 Evacuation Pause) (mixed), 0,0305050 secs]
   [Parallel Time: 30,2 ms, GC Workers: 4]
      [GC Worker Start (ms): Min: 1379,8, Avg: 1379,8, Max: 1379,8, Diff: 0,0]
      [Ext Root Scanning (ms): Min: 0,1, Avg: 0,1, Max: 0,1, Diff: 0,0, Sum: 0,5]
      [Update RS (ms): Min: 6,3, Avg: 6,3, Max: 6,4, Diff: 0,1, Sum: 25,3]
         [Processed Buffers: Min: 12, Avg: 12,5, Max: 13, Diff: 1, Sum: 50]
      [Scan RS (ms): Min: 4,0, Avg: 4,1, Max: 4,2, Diff: 0,2, Sum: 16,4]
      [Code Root Scanning (ms): Min: 0,0, Avg: 0,0, Max: 0,0, Diff: 0,0, Sum: 0,0]
      [Object Copy (ms): Min: 19,6, Avg: 19,6, Max: 19,7, Diff: 0,0, Sum: 78,6]
      [Termination (ms): Min: 0,0, Avg: 0,0, Max: 0,0, Diff: 0,0, Sum: 0,0]
         [Termination Attempts: Min: 1, Avg: 27,8, Max: 45, Diff: 44, Sum: 111]
      [GC Worker Other (ms): Min: 0,0, Avg: 0,0, Max: 0,0, Diff: 0,0, Sum: 0,0]
      [GC Worker Total (ms): Min: 30,2, Avg: 30,2, Max: 30,2, Diff: 0,0, Sum: 120,8]
      [GC Worker End (ms): Min: 1410,0, Avg: 1410,0, Max: 1410,0, Diff: 0,0]
   [Code Root Fixup: 0,0 ms]
   [Code Root Purge: 0,0 ms]
   [Clear CT: 0,0 ms]
   [Other: 0,2 ms]
      [Choose CSet: 0,0 ms]
      [Ref Proc: 0,1 ms]
      [Ref Enq: 0,0 ms]
      [Redirty Cards: 0,0 ms]
      [Humongous Register: 0,0 ms]
      [Humongous Reclaim: 0,0 ms]
      [Free CSet: 0,0 ms]
   [Eden: 6144,0K(6144,0K)->0,0B(35,0M) Survivors: 6144,0K->2048,0K Heap: 172,7M(256,0M)->162,2M(256,0M)]
 [Times: user=0,12 sys=0,00, real=0,03 secs] 
2017-11-12T11:16:59.396+0300: 1,427: [GC pause (G1 Humongous Allocation) (young) (initial-mark), 0,0147072 secs]
   [Parallel Time: 13,9 ms, GC Workers: 4]
      [GC Worker Start (ms): Min: 1427,2, Avg: 1427,2, Max: 1427,2, Diff: 0,0]
      [Ext Root Scanning (ms): Min: 0,1, Avg: 0,1, Max: 0,1, Diff: 0,0, Sum: 0,5]
      [Update RS (ms): Min: 3,8, Avg: 3,9, Max: 3,9, Diff: 0,1, Sum: 15,5]
         [Processed Buffers: Min: 7, Avg: 7,8, Max: 9, Diff: 2, Sum: 31]
      [Scan RS (ms): Min: 0,2, Avg: 0,3, Max: 0,4, Diff: 0,1, Sum: 1,1]
      [Code Root Scanning (ms): Min: 0,0, Avg: 0,0, Max: 0,0, Diff: 0,0, Sum: 0,0]
      [Object Copy (ms): Min: 9,5, Avg: 9,5, Max: 9,6, Diff: 0,0, Sum: 38,1]
      [Termination (ms): Min: 0,0, Avg: 0,0, Max: 0,0, Diff: 0,0, Sum: 0,0]
         [Termination Attempts: Min: 1, Avg: 4,5, Max: 8, Diff: 7, Sum: 18]
      [GC Worker Other (ms): Min: 0,0, Avg: 0,0, Max: 0,0, Diff: 0,0, Sum: 0,0]
      [GC Worker Total (ms): Min: 13,8, Avg: 13,8, Max: 13,8, Diff: 0,0, Sum: 55,3]
      [GC Worker End (ms): Min: 1441,0, Avg: 1441,0, Max: 1441,0, Diff: 0,0]
   [Code Root Fixup: 0,0 ms]
   [Code Root Purge: 0,0 ms]
   [Clear CT: 0,3 ms]
   [Other: 0,5 ms]
      [Choose CSet: 0,0 ms]
      [Ref Proc: 0,2 ms]
      [Ref Enq: 0,0 ms]
      [Redirty Cards: 0,1 ms]
      [Humongous Register: 0,0 ms]
      [Humongous Reclaim: 0,0 ms]
      [Free CSet: 0,0 ms]
   [Eden: 12,0M(35,0M)->0,0B(27,0M) Survivors: 2048,0K->5120,0K Heap: 174,2M(256,0M)->174,7M(256,0M)]
 [Times: user=0,06 sys=0,00, real=0,01 secs] 
2017-11-12T11:16:59.410+0300: 1,442: [GC concurrent-root-region-scan-start]
2017-11-12T11:16:59.415+0300: 1,446: [GC concurrent-root-region-scan-end, 0,0043597 secs]
2017-11-12T11:16:59.415+0300: 1,446: [GC concurrent-mark-start]
2017-11-12T11:16:59.497+0300: 1,528: [GC pause (G1 Humongous Allocation) (young), 0,0211305 secs]
   [Parallel Time: 20,7 ms, GC Workers: 4]
      [GC Worker Start (ms): Min: 1528,4, Avg: 1528,4, Max: 1528,4, Diff: 0,1]
      [Ext Root Scanning (ms): Min: 0,1, Avg: 0,1, Max: 0,2, Diff: 0,1, Sum: 0,5]
      [Update RS (ms): Min: 7,7, Avg: 7,9, Max: 8,1, Diff: 0,4, Sum: 31,4]
         [Processed Buffers: Min: 15, Avg: 15,0, Max: 15, Diff: 0, Sum: 60]
      [Scan RS (ms): Min: 0,0, Avg: 0,3, Max: 0,5, Diff: 0,4, Sum: 1,2]
      [Code Root Scanning (ms): Min: 0,0, Avg: 0,0, Max: 0,0, Diff: 0,0, Sum: 0,0]
      [Object Copy (ms): Min: 12,3, Avg: 12,3, Max: 12,4, Diff: 0,0, Sum: 49,4]
      [Termination (ms): Min: 0,0, Avg: 0,0, Max: 0,0, Diff: 0,0, Sum: 0,0]
         [Termination Attempts: Min: 1, Avg: 40,0, Max: 66, Diff: 65, Sum: 160]
      [GC Worker Other (ms): Min: 0,0, Avg: 0,0, Max: 0,0, Diff: 0,0, Sum: 0,0]
      [GC Worker Total (ms): Min: 20,6, Avg: 20,6, Max: 20,7, Diff: 0,1, Sum: 82,6]
      [GC Worker End (ms): Min: 1549,0, Avg: 1549,0, Max: 1549,0, Diff: 0,0]
   [Code Root Fixup: 0,0 ms]
   [Code Root Purge: 0,0 ms]
   [Clear CT: 0,1 ms]
   [Other: 0,3 ms]
      [Choose CSet: 0,0 ms]
      [Ref Proc: 0,2 ms]
      [Ref Enq: 0,0 ms]
      [Redirty Cards: 0,0 ms]
      [Humongous Register: 0,0 ms]
      [Humongous Reclaim: 0,0 ms]
      [Free CSet: 0,0 ms]
   [Eden: 14,0M(27,0M)->0,0B(8192,0K) Survivors: 5120,0K->4096,0K Heap: 212,6M(256,0M)->208,6M(256,0M)]
 [Times: user=0,09 sys=0,00, real=0,02 secs] 
2017-11-12T11:16:59.518+0300: 1,550: [Full GC (Allocation Failure)  208M->51M(256M), 0,1748852 secs]
   [Eden: 0,0B(8192,0K)->0,0B(92,0M) Survivors: 4096,0K->0,0B Heap: 208,6M(256,0M)->51,5M(256,0M)], [Metaspace: 2911K->2911K(1056768K)]
 [Times: user=0,23 sys=0,00, real=0,17 secs] 
2017-11-12T11:16:59.693+0300: 1,725: [GC concurrent-mark-abort]
2017-11-12T11:16:59.795+0300: 1,826: [GC pause (G1 Humongous Allocation) (young) (initial-mark), 0,0440243 secs]
   [Parallel Time: 43,2 ms, GC Workers: 4]
      [GC Worker Start (ms): Min: 1826,1, Avg: 1826,1, Max: 1826,2, Diff: 0,1]
      [Ext Root Scanning (ms): Min: 0,1, Avg: 0,1, Max: 0,2, Diff: 0,1, Sum: 0,5]
      [Update RS (ms): Min: 4,1, Avg: 4,3, Max: 4,5, Diff: 0,4, Sum: 17,1]
         [Processed Buffers: Min: 7, Avg: 7,8, Max: 8, Diff: 1, Sum: 31]
      [Scan RS (ms): Min: 6,3, Avg: 6,5, Max: 6,7, Diff: 0,4, Sum: 25,9]
      [Code Root Scanning (ms): Min: 0,0, Avg: 0,0, Max: 0,0, Diff: 0,0, Sum: 0,0]
      [Object Copy (ms): Min: 32,1, Avg: 32,2, Max: 32,2, Diff: 0,0, Sum: 128,6]
      [Termination (ms): Min: 0,0, Avg: 0,0, Max: 0,0, Diff: 0,0, Sum: 0,0]
         [Termination Attempts: Min: 1, Avg: 20,2, Max: 33, Diff: 32, Sum: 81]
      [GC Worker Other (ms): Min: 0,0, Avg: 0,0, Max: 0,0, Diff: 0,0, Sum: 0,1]
      [GC Worker Total (ms): Min: 43,0, Avg: 43,1, Max: 43,1, Diff: 0,1, Sum: 172,3]
      [GC Worker End (ms): Min: 1869,2, Avg: 1869,2, Max: 1869,2, Diff: 0,0]
   [Code Root Fixup: 0,0 ms]
   [Code Root Purge: 0,0 ms]
   [Clear CT: 0,3 ms]
   [Other: 0,5 ms]
      [Choose CSet: 0,0 ms]
      [Ref Proc: 0,2 ms]
      [Ref Enq: 0,0 ms]
      [Redirty Cards: 0,2 ms]
      [Humongous Register: 0,0 ms]
      [Humongous Reclaim: 0,0 ms]
      [Free CSet: 0,0 ms]
   [Eden: 56,0M(92,0M)->0,0B(41,0M) Survivors: 0,0B->12,0M Heap: 165,5M(256,0M)->147,0M(256,0M)]
 [Times: user=0,17 sys=0,00, real=0,04 secs] 
2017-11-12T11:16:59.839+0300: 1,870: [GC concurrent-root-region-scan-start]
2017-11-12T11:16:59.849+0300: 1,881: [GC concurrent-root-region-scan-end, 0,0105904 secs]
2017-11-12T11:16:59.849+0300: 1,881: [GC concurrent-mark-start]
2017-11-12T11:17:00.021+0300: 2,052: [GC pause (G1 Humongous Allocation) (young) (to-space exhausted), 0,6715738 secs]
   [Parallel Time: 653,7 ms, GC Workers: 4]
      [GC Worker Start (ms): Min: 2052,6, Avg: 2052,6, Max: 2052,7, Diff: 0,1]
      [Ext Root Scanning (ms): Min: 0,1, Avg: 0,1, Max: 0,2, Diff: 0,1, Sum: 0,5]
      [Update RS (ms): Min: 9,5, Avg: 9,6, Max: 9,6, Diff: 0,2, Sum: 38,2]
         [Processed Buffers: Min: 18, Avg: 18,5, Max: 19, Diff: 1, Sum: 74]
      [Scan RS (ms): Min: 7,4, Avg: 7,5, Max: 7,6, Diff: 0,2, Sum: 30,1]
      [Code Root Scanning (ms): Min: 0,0, Avg: 0,0, Max: 0,0, Diff: 0,0, Sum: 0,0]
      [Object Copy (ms): Min: 636,3, Avg: 636,4, Max: 636,4, Diff: 0,1, Sum: 2545,4]
      [Termination (ms): Min: 0,0, Avg: 0,0, Max: 0,0, Diff: 0,0, Sum: 0,0]
         [Termination Attempts: Min: 1, Avg: 6,0, Max: 11, Diff: 10, Sum: 24]
      [GC Worker Other (ms): Min: 0,0, Avg: 0,0, Max: 0,0, Diff: 0,0, Sum: 0,0]
      [GC Worker Total (ms): Min: 653,5, Avg: 653,6, Max: 653,6, Diff: 0,1, Sum: 2614,3]
      [GC Worker End (ms): Min: 2706,2, Avg: 2706,2, Max: 2706,2, Diff: 0,0]
   [Code Root Fixup: 0,0 ms]
   [Code Root Purge: 0,0 ms]
   [Clear CT: 0,0 ms]
   [Other: 17,9 ms]
      [Evacuation Failure: 17,6 ms]
      [Choose CSet: 0,0 ms]
      [Ref Proc: 0,0 ms]
      [Ref Enq: 0,0 ms]
      [Redirty Cards: 0,0 ms]
      [Humongous Register: 0,0 ms]
      [Humongous Reclaim: 0,0 ms]
      [Free CSet: 0,0 ms]
   [Eden: 40,0M(41,0M)->0,0B(11,0M) Survivors: 12,0M->1024,0K Heap: 243,6M(256,0M)->223,6M(256,0M)]
 [Times: user=1,35 sys=0,19, real=0,67 secs] 
2017-11-12T11:17:00.717+0300: 2,748: [GC pause (G1 Humongous Allocation) (young), 0,0146788 secs]
   [Parallel Time: 14,3 ms, GC Workers: 4]
      [GC Worker Start (ms): Min: 2748,5, Avg: 2748,5, Max: 2748,5, Diff: 0,0]
      [Ext Root Scanning (ms): Min: 0,1, Avg: 0,1, Max: 0,1, Diff: 0,0, Sum: 0,5]
      [Update RS (ms): Min: 11,1, Avg: 11,3, Max: 11,6, Diff: 0,5, Sum: 45,3]
         [Processed Buffers: Min: 22, Avg: 26,5, Max: 34, Diff: 12, Sum: 106]
      [Scan RS (ms): Min: 0,0, Avg: 0,1, Max: 0,3, Diff: 0,3, Sum: 0,6]
      [Code Root Scanning (ms): Min: 0,0, Avg: 0,0, Max: 0,0, Diff: 0,0, Sum: 0,0]
      [Object Copy (ms): Min: 2,5, Avg: 2,7, Max: 2,7, Diff: 0,2, Sum: 10,6]
      [Termination (ms): Min: 0,0, Avg: 0,0, Max: 0,0, Diff: 0,0, Sum: 0,0]
         [Termination Attempts: Min: 1, Avg: 55,8, Max: 89, Diff: 88, Sum: 223]
      [GC Worker Other (ms): Min: 0,0, Avg: 0,0, Max: 0,0, Diff: 0,0, Sum: 0,0]
      [GC Worker Total (ms): Min: 14,2, Avg: 14,3, Max: 14,3, Diff: 0,0, Sum: 57,0]
      [GC Worker End (ms): Min: 2762,7, Avg: 2762,7, Max: 2762,7, Diff: 0,0]
   [Code Root Fixup: 0,0 ms]
   [Code Root Purge: 0,0 ms]
   [Clear CT: 0,0 ms]
   [Other: 0,3 ms]
      [Choose CSet: 0,0 ms]
      [Ref Proc: 0,1 ms]
      [Ref Enq: 0,0 ms]
      [Redirty Cards: 0,0 ms]
      [Humongous Register: 0,0 ms]
      [Humongous Reclaim: 0,0 ms]
      [Free CSet: 0,0 ms]
   [Eden: 1024,0K(11,0M)->0,0B(10,0M) Survivors: 1024,0K->2048,0K Heap: 232,9M(256,0M)->233,2M(256,0M)]
 [Times: user=0,05 sys=0,00, real=0,01 secs] 
2017-11-12T11:17:00.732+0300: 2,763: [Full GC (Allocation Failure)  233M->45M(256M), 0,1518443 secs]
   [Eden: 0,0B(10,0M)->0,0B(104,0M) Survivors: 2048,0K->0,0B Heap: 233,2M(256,0M)->45,7M(256,0M)], [Metaspace: 2911K->2911K(1056768K)]
 [Times: user=0,21 sys=0,00, real=0,15 secs] 
2017-11-12T11:17:00.884+0300: 2,915: [GC concurrent-mark-abort]
2017-11-12T11:17:00.979+0300: 3,011: [GC pause (G1 Humongous Allocation) (young) (initial-mark), 0,0370494 secs]
   [Parallel Time: 36,5 ms, GC Workers: 4]
      [GC Worker Start (ms): Min: 3010,9, Avg: 3010,9, Max: 3011,0, Diff: 0,1]
      [Ext Root Scanning (ms): Min: 0,1, Avg: 0,1, Max: 0,2, Diff: 0,1, Sum: 0,5]
      [Update RS (ms): Min: 12,3, Avg: 12,4, Max: 12,7, Diff: 0,5, Sum: 49,6]
         [Processed Buffers: Min: 30, Avg: 34,5, Max: 38, Diff: 8, Sum: 138]
      [Scan RS (ms): Min: 4,2, Avg: 4,6, Max: 4,7, Diff: 0,5, Sum: 18,3]
      [Code Root Scanning (ms): Min: 0,0, Avg: 0,0, Max: 0,0, Diff: 0,0, Sum: 0,0]
      [Object Copy (ms): Min: 19,2, Avg: 19,2, Max: 19,2, Diff: 0,0, Sum: 76,8]
      [Termination (ms): Min: 0,0, Avg: 0,0, Max: 0,0, Diff: 0,0, Sum: 0,0]
         [Termination Attempts: Min: 1, Avg: 52,8, Max: 77, Diff: 76, Sum: 211]
      [GC Worker Other (ms): Min: 0,0, Avg: 0,0, Max: 0,0, Diff: 0,0, Sum: 0,1]
      [GC Worker Total (ms): Min: 36,3, Avg: 36,4, Max: 36,4, Diff: 0,1, Sum: 145,4]
      [GC Worker End (ms): Min: 3047,3, Avg: 3047,3, Max: 3047,3, Diff: 0,0]
   [Code Root Fixup: 0,0 ms]
   [Code Root Purge: 0,0 ms]
   [Clear CT: 0,1 ms]
   [Other: 0,5 ms]
      [Choose CSet: 0,0 ms]
      [Ref Proc: 0,2 ms]
      [Ref Enq: 0,0 ms]
      [Redirty Cards: 0,0 ms]
      [Humongous Register: 0,0 ms]
      [Humongous Reclaim: 0,0 ms]
      [Free CSet: 0,0 ms]
   [Eden: 44,0M(104,0M)->0,0B(60,0M) Survivors: 0,0B->13,0M Heap: 143,8M(256,0M)->121,8M(256,0M)]
 [Times: user=0,15 sys=0,00, real=0,04 secs] 
2017-11-12T11:17:01.016+0300: 3,048: [GC concurrent-root-region-scan-start]
2017-11-12T11:17:01.026+0300: 3,057: [GC concurrent-root-region-scan-end, 0,0092809 secs]
2017-11-12T11:17:01.026+0300: 3,057: [GC concurrent-mark-start]
2017-11-12T11:17:01.174+0300: 3,205: [GC concurrent-mark-end, 0,1479390 secs]
2017-11-12T11:17:01.180+0300: 3,212: [GC remark 2017-11-12T11:17:01.180+0300: 3,212: [Finalize Marking, 0,0003291 secs] 2017-11-12T11:17:01.180+0300: 3,212: [GC ref-proc, 0,0000446 secs] 2017-11-12T11:17:01.181+0300: 3,212: [Unloading, 0,0004936 secs], 0,0010906 secs]
 [Times: user=0,00 sys=0,00, real=0,00 secs] 
2017-11-12T11:17:01.189+0300: 3,220: [GC cleanup 229M->167M(256M), 0,0003333 secs]
 [Times: user=0,00 sys=0,00, real=0,00 secs] 
2017-11-12T11:17:01.189+0300: 3,221: [GC concurrent-cleanup-start]
2017-11-12T11:17:01.189+0300: 3,221: [GC concurrent-cleanup-end, 0,0000489 secs]
2017-11-12T11:17:01.207+0300: 3,238: [GC pause (G1 Evacuation Pause) (young), 0,0530449 secs]
   [Parallel Time: 52,8 ms, GC Workers: 4]
      [GC Worker Start (ms): Min: 3238,5, Avg: 3238,5, Max: 3238,6, Diff: 0,0]
      [Ext Root Scanning (ms): Min: 0,1, Avg: 0,1, Max: 0,1, Diff: 0,0, Sum: 0,5]
      [Update RS (ms): Min: 8,3, Avg: 8,5, Max: 8,7, Diff: 0,5, Sum: 33,9]
         [Processed Buffers: Min: 15, Avg: 15,8, Max: 17, Diff: 2, Sum: 63]
      [Scan RS (ms): Min: 8,2, Avg: 8,5, Max: 8,7, Diff: 0,5, Sum: 34,1]
      [Code Root Scanning (ms): Min: 0,0, Avg: 0,0, Max: 0,0, Diff: 0,0, Sum: 0,0]
      [Object Copy (ms): Min: 35,5, Avg: 35,6, Max: 35,6, Diff: 0,1, Sum: 142,3]
      [Termination (ms): Min: 0,0, Avg: 0,0, Max: 0,0, Diff: 0,0, Sum: 0,1]
         [Termination Attempts: Min: 1, Avg: 151,5, Max: 212, Diff: 211, Sum: 606]
      [GC Worker Other (ms): Min: 0,0, Avg: 0,0, Max: 0,0, Diff: 0,0, Sum: 0,0]
      [GC Worker Total (ms): Min: 52,7, Avg: 52,7, Max: 52,7, Diff: 0,0, Sum: 210,9]
      [GC Worker End (ms): Min: 3291,2, Avg: 3291,2, Max: 3291,2, Diff: 0,0]
   [Code Root Fixup: 0,0 ms]
   [Code Root Purge: 0,0 ms]
   [Clear CT: 0,0 ms]
   [Other: 0,2 ms]
      [Choose CSet: 0,0 ms]
      [Ref Proc: 0,1 ms]
      [Ref Enq: 0,0 ms]
      [Redirty Cards: 0,0 ms]
      [Humongous Register: 0,0 ms]
      [Humongous Reclaim: 0,0 ms]
      [Free CSet: 0,1 ms]
   [Eden: 60,0M(60,0M)->0,0B(41,0M) Survivors: 13,0M->10,0M Heap: 195,6M(256,0M)->159,6M(256,0M)]
 [Times: user=0,21 sys=0,01, real=0,05 secs] 
2017-11-12T11:17:01.274+0300: 3,306: [GC pause (G1 Humongous Allocation) (young) (initial-mark), 0,0258863 secs]
   [Parallel Time: 25,4 ms, GC Workers: 4]
      [GC Worker Start (ms): Min: 3305,6, Avg: 3305,7, Max: 3305,7, Diff: 0,0]
      [Ext Root Scanning (ms): Min: 0,1, Avg: 0,2, Max: 0,2, Diff: 0,1, Sum: 0,6]
      [Update RS (ms): Min: 6,6, Avg: 6,8, Max: 7,1, Diff: 0,5, Sum: 27,3]
         [Processed Buffers: Min: 12, Avg: 13,0, Max: 14, Diff: 2, Sum: 52]
      [Scan RS (ms): Min: 1,7, Avg: 1,9, Max: 2,0, Diff: 0,3, Sum: 7,4]
      [Code Root Scanning (ms): Min: 0,0, Avg: 0,0, Max: 0,0, Diff: 0,0, Sum: 0,0]
      [Object Copy (ms): Min: 16,4, Avg: 16,4, Max: 16,5, Diff: 0,1, Sum: 65,8]
      [Termination (ms): Min: 0,0, Avg: 0,0, Max: 0,0, Diff: 0,0, Sum: 0,0]
         [Termination Attempts: Min: 1, Avg: 61,5, Max: 84, Diff: 83, Sum: 246]
      [GC Worker Other (ms): Min: 0,0, Avg: 0,0, Max: 0,0, Diff: 0,0, Sum: 0,0]
      [GC Worker Total (ms): Min: 25,3, Avg: 25,3, Max: 25,3, Diff: 0,0, Sum: 101,2]
      [GC Worker End (ms): Min: 3331,0, Avg: 3331,0, Max: 3331,0, Diff: 0,0]
   [Code Root Fixup: 0,0 ms]
   [Code Root Purge: 0,0 ms]
   [Clear CT: 0,1 ms]
   [Other: 0,4 ms]
      [Choose CSet: 0,0 ms]
      [Ref Proc: 0,2 ms]
      [Ref Enq: 0,0 ms]
      [Redirty Cards: 0,1 ms]
      [Humongous Register: 0,0 ms]
      [Humongous Reclaim: 0,0 ms]
      [Free CSet: 0,0 ms]
   [Eden: 10,0M(41,0M)->0,0B(32,0M) Survivors: 10,0M->7168,0K Heap: 169,6M(256,0M)->170,6M(256,0M)]
 [Times: user=0,10 sys=0,00, real=0,02 secs] 
2017-11-12T11:17:01.300+0300: 3,332: [GC concurrent-root-region-scan-start]
2017-11-12T11:17:01.306+0300: 3,338: [GC concurrent-root-region-scan-end, 0,0062851 secs]
2017-11-12T11:17:01.306+0300: 3,338: [GC concurrent-mark-start]
2017-11-12T11:17:01.447+0300: 3,479: [GC pause (G1 Humongous Allocation) (young) (to-space exhausted), 0,1387368 secs]
   [Parallel Time: 133,1 ms, GC Workers: 4]
      [GC Worker Start (ms): Min: 3479,0, Avg: 3479,0, Max: 3479,1, Diff: 0,1]
      [Ext Root Scanning (ms): Min: 0,1, Avg: 0,1, Max: 0,2, Diff: 0,1, Sum: 0,5]
      [Update RS (ms): Min: 13,6, Avg: 13,7, Max: 13,9, Diff: 0,4, Sum: 54,7]
         [Processed Buffers: Min: 35, Avg: 36,0, Max: 37, Diff: 2, Sum: 144]
      [Scan RS (ms): Min: 2,7, Avg: 2,9, Max: 3,1, Diff: 0,4, Sum: 11,8]
      [Code Root Scanning (ms): Min: 0,0, Avg: 0,0, Max: 0,0, Diff: 0,0, Sum: 0,0]
      [Object Copy (ms): Min: 116,1, Avg: 116,1, Max: 116,2, Diff: 0,1, Sum: 464,5]
      [Termination (ms): Min: 0,0, Avg: 0,1, Max: 0,1, Diff: 0,1, Sum: 0,2]
         [Termination Attempts: Min: 1, Avg: 5,5, Max: 15, Diff: 14, Sum: 22]
      [GC Worker Other (ms): Min: 0,0, Avg: 0,0, Max: 0,0, Diff: 0,0, Sum: 0,0]
      [GC Worker Total (ms): Min: 132,9, Avg: 132,9, Max: 133,0, Diff: 0,1, Sum: 531,7]
      [GC Worker End (ms): Min: 3611,9, Avg: 3611,9, Max: 3611,9, Diff: 0,0]
   [Code Root Fixup: 0,0 ms]
   [Code Root Purge: 0,0 ms]
   [Clear CT: 0,1 ms]
   [Other: 5,5 ms]
      [Evacuation Failure: 5,1 ms]
      [Choose CSet: 0,0 ms]
      [Ref Proc: 0,1 ms]
      [Ref Enq: 0,0 ms]
      [Redirty Cards: 0,0 ms]
      [Humongous Register: 0,0 ms]
      [Humongous Reclaim: 0,0 ms]
      [Free CSet: 0,0 ms]
   [Eden: 31,0M(32,0M)->0,0B(11,0M) Survivors: 7168,0K->1024,0K Heap: 250,5M(256,0M)->221,0M(256,0M)]
 [Times: user=0,36 sys=0,03, real=0,14 secs] 
2017-11-12T11:17:01.611+0300: 3,643: [GC pause (G1 Evacuation Pause) (young) (to-space exhausted), 0,3208933 secs]
   [Parallel Time: 314,0 ms, GC Workers: 4]
      [GC Worker Start (ms): Min: 3643,0, Avg: 3643,0, Max: 3643,0, Diff: 0,0]
      [Ext Root Scanning (ms): Min: 0,1, Avg: 0,1, Max: 0,1, Diff: 0,0, Sum: 0,5]
      [Update RS (ms): Min: 6,8, Avg: 7,0, Max: 7,1, Diff: 0,3, Sum: 27,9]
         [Processed Buffers: Min: 13, Avg: 13,2, Max: 14, Diff: 1, Sum: 53]
      [Scan RS (ms): Min: 0,0, Avg: 0,0, Max: 0,0, Diff: 0,0, Sum: 0,0]
      [Code Root Scanning (ms): Min: 0,0, Avg: 0,0, Max: 0,0, Diff: 0,0, Sum: 0,0]
      [Object Copy (ms): Min: 306,8, Avg: 306,9, Max: 307,1, Diff: 0,3, Sum: 1227,5]
      [Termination (ms): Min: 0,0, Avg: 0,0, Max: 0,0, Diff: 0,0, Sum: 0,0]
         [Termination Attempts: Min: 1, Avg: 1,0, Max: 1, Diff: 0, Sum: 4]
      [GC Worker Other (ms): Min: 0,0, Avg: 0,0, Max: 0,0, Diff: 0,0, Sum: 0,0]
      [GC Worker Total (ms): Min: 314,0, Avg: 314,0, Max: 314,0, Diff: 0,0, Sum: 1255,9]
      [GC Worker End (ms): Min: 3957,0, Avg: 3957,0, Max: 3957,0, Diff: 0,0]
   [Code Root Fixup: 0,0 ms]
   [Code Root Purge: 0,0 ms]
   [Clear CT: 0,0 ms]
   [Other: 6,8 ms]
      [Evacuation Failure: 6,7 ms]
      [Choose CSet: 0,0 ms]
      [Ref Proc: 0,0 ms]
      [Ref Enq: 0,0 ms]
      [Redirty Cards: 0,0 ms]
      [Humongous Register: 0,0 ms]
      [Humongous Reclaim: 0,0 ms]
      [Free CSet: 0,0 ms]
   [Eden: 11,0M(11,0M)->0,0B(11,0M) Survivors: 1024,0K->1024,0K Heap: 250,1M(256,0M)->251,1M(256,0M)]
 [Times: user=0,65 sys=0,09, real=0,32 secs] 
2017-11-12T11:17:01.933+0300: 3,964: [GC pause (G1 Evacuation Pause) (young) (to-space exhausted), 0,0361636 secs]
   [Parallel Time: 33,9 ms, GC Workers: 4]
      [GC Worker Start (ms): Min: 3964,1, Avg: 3964,1, Max: 3964,1, Diff: 0,0]
      [Ext Root Scanning (ms): Min: 0,1, Avg: 0,1, Max: 0,1, Diff: 0,0, Sum: 0,5]
      [Update RS (ms): Min: 2,9, Avg: 3,0, Max: 3,1, Diff: 0,1, Sum: 12,0]
         [Processed Buffers: Min: 6, Avg: 12,2, Max: 16, Diff: 10, Sum: 49]
      [Scan RS (ms): Min: 0,0, Avg: 0,0, Max: 0,0, Diff: 0,0, Sum: 0,0]
      [Code Root Scanning (ms): Min: 0,0, Avg: 0,0, Max: 0,0, Diff: 0,0, Sum: 0,0]
      [Object Copy (ms): Min: 30,7, Avg: 30,7, Max: 30,8, Diff: 0,1, Sum: 123,0]
      [Termination (ms): Min: 0,0, Avg: 0,0, Max: 0,0, Diff: 0,0, Sum: 0,0]
         [Termination Attempts: Min: 1, Avg: 1,0, Max: 1, Diff: 0, Sum: 4]
      [GC Worker Other (ms): Min: 0,0, Avg: 0,0, Max: 0,0, Diff: 0,0, Sum: 0,0]
      [GC Worker Total (ms): Min: 33,9, Avg: 33,9, Max: 33,9, Diff: 0,0, Sum: 135,6]
      [GC Worker End (ms): Min: 3998,0, Avg: 3998,0, Max: 3998,0, Diff: 0,0]
   [Code Root Fixup: 0,0 ms]
   [Code Root Purge: 0,0 ms]
   [Clear CT: 0,0 ms]
   [Other: 2,2 ms]
      [Evacuation Failure: 2,1 ms]
      [Choose CSet: 0,0 ms]
      [Ref Proc: 0,0 ms]
      [Ref Enq: 0,0 ms]
      [Redirty Cards: 0,0 ms]
      [Humongous Register: 0,0 ms]
      [Humongous Reclaim: 0,0 ms]
      [Free CSet: 0,0 ms]
   [Eden: 0,0B(11,0M)->0,0B(12,0M) Survivors: 1024,0K->0,0B Heap: 251,1M(256,0M)->251,1M(256,0M)]
 [Times: user=0,07 sys=0,00, real=0,04 secs] 
2017-11-12T11:17:01.969+0300: 4,000: [Full GC (Allocation Failure)  251M->77M(256M), 0,2212576 secs]
   [Eden: 0,0B(12,0M)->0,0B(83,0M) Survivors: 0,0B->0,0B Heap: 251,1M(256,0M)->77,8M(256,0M)], [Metaspace: 2911K->2911K(1056768K)]
 [Times: user=0,30 sys=0,00, real=0,22 secs] 
2017-11-12T11:17:02.190+0300: 4,222: [GC concurrent-mark-abort]
2017-11-12T11:17:02.247+0300: 4,278: [GC pause (G1 Humongous Allocation) (young) (initial-mark), 0,0478804 secs]
   [Parallel Time: 47,6 ms, GC Workers: 4]
      [GC Worker Start (ms): Min: 4278,5, Avg: 4278,5, Max: 4278,6, Diff: 0,1]
      [Ext Root Scanning (ms): Min: 0,1, Avg: 0,1, Max: 0,2, Diff: 0,1, Sum: 0,5]
      [Update RS (ms): Min: 8,2, Avg: 8,4, Max: 8,7, Diff: 0,5, Sum: 33,5]
         [Processed Buffers: Min: 14, Avg: 14,8, Max: 16, Diff: 2, Sum: 59]
      [Scan RS (ms): Min: 5,4, Avg: 5,7, Max: 5,9, Diff: 0,5, Sum: 22,9]
      [Code Root Scanning (ms): Min: 0,0, Avg: 0,0, Max: 0,0, Diff: 0,0, Sum: 0,0]
      [Object Copy (ms): Min: 33,2, Avg: 33,2, Max: 33,3, Diff: 0,1, Sum: 133,0]
      [Termination (ms): Min: 0,0, Avg: 0,0, Max: 0,0, Diff: 0,0, Sum: 0,0]
         [Termination Attempts: Min: 1, Avg: 8,5, Max: 14, Diff: 13, Sum: 34]
      [GC Worker Other (ms): Min: 0,0, Avg: 0,0, Max: 0,0, Diff: 0,0, Sum: 0,1]
      [GC Worker Total (ms): Min: 47,5, Avg: 47,5, Max: 47,6, Diff: 0,1, Sum: 190,0]
      [GC Worker End (ms): Min: 4326,0, Avg: 4326,0, Max: 4326,0, Diff: 0,0]
   [Code Root Fixup: 0,0 ms]
   [Code Root Purge: 0,0 ms]
   [Clear CT: 0,0 ms]
   [Other: 0,2 ms]
      [Choose CSet: 0,0 ms]
      [Ref Proc: 0,0 ms]
      [Ref Enq: 0,0 ms]
      [Redirty Cards: 0,0 ms]
      [Humongous Register: 0,0 ms]
      [Humongous Reclaim: 0,0 ms]
      [Free CSet: 0,0 ms]
   [Eden: 48,0M(83,0M)->0,0B(41,0M) Survivors: 0,0B->11,0M Heap: 152,5M(256,0M)->153,2M(256,0M)]
 [Times: user=0,19 sys=0,00, real=0,05 secs] 
2017-11-12T11:17:02.295+0300: 4,326: [GC concurrent-root-region-scan-start]
2017-11-12T11:17:02.305+0300: 4,337: [GC concurrent-root-region-scan-end, 0,0104072 secs]
2017-11-12T11:17:02.305+0300: 4,337: [GC concurrent-mark-start]
2017-11-12T11:17:02.456+0300: 4,487: [GC pause (G1 Humongous Allocation) (young) (to-space exhausted), 0,2761105 secs]
   [Parallel Time: 263,1 ms, GC Workers: 4]
      [GC Worker Start (ms): Min: 4487,4, Avg: 4487,5, Max: 4487,5, Diff: 0,1]
      [Ext Root Scanning (ms): Min: 0,1, Avg: 0,1, Max: 0,1, Diff: 0,1, Sum: 0,5]
      [Update RS (ms): Min: 15,4, Avg: 15,6, Max: 15,8, Diff: 0,3, Sum: 62,3]
         [Processed Buffers: Min: 28, Avg: 29,0, Max: 30, Diff: 2, Sum: 116]
      [Scan RS (ms): Min: 2,0, Avg: 2,2, Max: 2,3, Diff: 0,3, Sum: 8,6]
      [Code Root Scanning (ms): Min: 0,0, Avg: 0,0, Max: 0,0, Diff: 0,0, Sum: 0,0]
      [Object Copy (ms): Min: 245,1, Avg: 245,1, Max: 245,2, Diff: 0,0, Sum: 980,6]
      [Termination (ms): Min: 0,0, Avg: 0,0, Max: 0,0, Diff: 0,0, Sum: 0,0]
         [Termination Attempts: Min: 1, Avg: 1,2, Max: 2, Diff: 1, Sum: 5]
      [GC Worker Other (ms): Min: 0,0, Avg: 0,0, Max: 0,0, Diff: 0,0, Sum: 0,0]
      [GC Worker Total (ms): Min: 263,0, Avg: 263,0, Max: 263,0, Diff: 0,1, Sum: 1052,0]
      [GC Worker End (ms): Min: 4750,5, Avg: 4750,5, Max: 4750,5, Diff: 0,0]
   [Code Root Fixup: 0,0 ms]
   [Code Root Purge: 0,0 ms]
   [Clear CT: 0,0 ms]
   [Other: 13,0 ms]
      [Evacuation Failure: 12,8 ms]
      [Choose CSet: 0,0 ms]
      [Ref Proc: 0,0 ms]
      [Ref Enq: 0,0 ms]
      [Redirty Cards: 0,1 ms]
      [Humongous Register: 0,0 ms]
      [Humongous Reclaim: 0,0 ms]
      [Free CSet: 0,0 ms]
   [Eden: 27,0M(41,0M)->0,0B(5120,0K) Survivors: 11,0M->7168,0K Heap: 226,8M(256,0M)->228,6M(256,0M)]
 [Times: user=0,74 sys=0,09, real=0,27 secs] 
2017-11-12T11:17:02.732+0300: 4,764: [Full GC (Allocation Failure)  228M->100M(256M), 0,3246517 secs]
   [Eden: 0,0B(5120,0K)->0,0B(68,0M) Survivors: 7168,0K->0,0B Heap: 228,6M(256,0M)->100,1M(256,0M)], [Metaspace: 2911K->2911K(1056768K)]
 [Times: user=0,42 sys=0,02, real=0,33 secs] 
2017-11-12T11:17:03.057+0300: 5,089: [GC concurrent-mark-abort]
2017-11-12T11:17:03.103+0300: 5,135: [GC pause (G1 Humongous Allocation) (young) (initial-mark), 0,0362320 secs]
   [Parallel Time: 35,0 ms, GC Workers: 4]
      [GC Worker Start (ms): Min: 5135,1, Avg: 5135,1, Max: 5135,2, Diff: 0,1]
      [Ext Root Scanning (ms): Min: 0,1, Avg: 0,1, Max: 0,2, Diff: 0,1, Sum: 0,5]
      [Update RS (ms): Min: 10,3, Avg: 10,4, Max: 10,6, Diff: 0,2, Sum: 41,6]
         [Processed Buffers: Min: 18, Avg: 18,2, Max: 19, Diff: 1, Sum: 73]
      [Scan RS (ms): Min: 0,1, Avg: 0,2, Max: 0,2, Diff: 0,1, Sum: 0,7]
      [Code Root Scanning (ms): Min: 0,0, Avg: 0,0, Max: 0,0, Diff: 0,0, Sum: 0,0]
      [Object Copy (ms): Min: 24,1, Avg: 24,1, Max: 24,1, Diff: 0,1, Sum: 96,5]
      [Termination (ms): Min: 0,0, Avg: 0,0, Max: 0,0, Diff: 0,0, Sum: 0,0]
         [Termination Attempts: Min: 1, Avg: 8,5, Max: 13, Diff: 12, Sum: 34]
      [GC Worker Other (ms): Min: 0,0, Avg: 0,0, Max: 0,0, Diff: 0,0, Sum: 0,1]
      [GC Worker Total (ms): Min: 34,8, Avg: 34,9, Max: 34,9, Diff: 0,1, Sum: 139,5]
      [GC Worker End (ms): Min: 5170,0, Avg: 5170,0, Max: 5170,0, Diff: 0,0]
   [Code Root Fixup: 0,0 ms]
   [Code Root Purge: 0,0 ms]
   [Clear CT: 0,3 ms]
   [Other: 0,9 ms]
      [Choose CSet: 0,0 ms]
      [Ref Proc: 0,5 ms]
      [Ref Enq: 0,0 ms]
      [Redirty Cards: 0,2 ms]
      [Humongous Register: 0,0 ms]
      [Humongous Reclaim: 0,0 ms]
      [Free CSet: 0,0 ms]
   [Eden: 38,0M(68,0M)->0,0B(32,0M) Survivors: 0,0B->9216,0K Heap: 167,5M(256,0M)->168,0M(256,0M)]
 [Times: user=0,14 sys=0,00, real=0,04 secs] 
2017-11-12T11:17:03.140+0300: 5,171: [GC concurrent-root-region-scan-start]
2017-11-12T11:17:03.148+0300: 5,179: [GC concurrent-root-region-scan-end, 0,0078114 secs]
2017-11-12T11:17:03.148+0300: 5,179: [GC concurrent-mark-start]
2017-11-12T11:17:03.314+0300: 5,345: [GC pause (G1 Humongous Allocation) (young) (to-space exhausted), 0,8164776 secs]
   [Parallel Time: 793,3 ms, GC Workers: 4]
      [GC Worker Start (ms): Min: 5345,4, Avg: 5345,4, Max: 5345,5, Diff: 0,1]
      [Ext Root Scanning (ms): Min: 0,1, Avg: 0,1, Max: 0,2, Diff: 0,1, Sum: 0,4]
      [Update RS (ms): Min: 17,6, Avg: 17,7, Max: 17,8, Diff: 0,2, Sum: 70,9]
         [Processed Buffers: Min: 32, Avg: 32,8, Max: 34, Diff: 2, Sum: 131]
      [Scan RS (ms): Min: 0,5, Avg: 0,6, Max: 0,7, Diff: 0,3, Sum: 2,4]
      [Code Root Scanning (ms): Min: 0,0, Avg: 0,0, Max: 0,0, Diff: 0,0, Sum: 0,0]
      [Object Copy (ms): Min: 774,8, Avg: 774,8, Max: 774,8, Diff: 0,0, Sum: 3099,2]
      [Termination (ms): Min: 0,0, Avg: 0,0, Max: 0,0, Diff: 0,0, Sum: 0,0]
         [Termination Attempts: Min: 1, Avg: 2,0, Max: 4, Diff: 3, Sum: 8]
      [GC Worker Other (ms): Min: 0,0, Avg: 0,0, Max: 0,0, Diff: 0,0, Sum: 0,0]
      [GC Worker Total (ms): Min: 793,2, Avg: 793,3, Max: 793,3, Diff: 0,1, Sum: 3173,0]
      [GC Worker End (ms): Min: 6138,7, Avg: 6138,7, Max: 6138,7, Diff: 0,0]
   [Code Root Fixup: 0,0 ms]
   [Code Root Purge: 0,0 ms]
   [Clear CT: 0,0 ms]
   [Other: 23,1 ms]
      [Evacuation Failure: 22,9 ms]
      [Choose CSet: 0,0 ms]
      [Ref Proc: 0,0 ms]
      [Ref Enq: 0,0 ms]
      [Redirty Cards: 0,1 ms]
      [Humongous Register: 0,0 ms]
      [Humongous Reclaim: 0,0 ms]
      [Free CSet: 0,0 ms]
   [Eden: 30,0M(32,0M)->0,0B(7168,0K) Survivors: 9216,0K->5120,0K Heap: 248,7M(256,0M)->242,2M(256,0M)]
 [Times: user=1,74 sys=0,28, real=0,81 secs] 
2017-11-12T11:17:04.131+0300: 6,162: [Full GC (Allocation Failure)  242M->110M(256M), 0,3427071 secs]
   [Eden: 0,0B(7168,0K)->0,0B(63,0M) Survivors: 5120,0K->0,0B Heap: 242,2M(256,0M)->110,0M(256,0M)], [Metaspace: 2911K->2911K(1056768K)]
 [Times: user=0,46 sys=0,00, real=0,34 secs] 
2017-11-12T11:17:04.473+0300: 6,505: [GC concurrent-mark-abort]
2017-11-12T11:17:04.524+0300: 6,556: [GC pause (G1 Humongous Allocation) (young) (initial-mark), 0,0409115 secs]
   [Parallel Time: 40,5 ms, GC Workers: 4]
      [GC Worker Start (ms): Min: 6555,9, Avg: 6555,9, Max: 6556,0, Diff: 0,1]
      [Ext Root Scanning (ms): Min: 0,1, Avg: 0,1, Max: 0,2, Diff: 0,1, Sum: 0,5]
      [Update RS (ms): Min: 12,3, Avg: 12,5, Max: 12,6, Diff: 0,3, Sum: 49,8]
         [Processed Buffers: Min: 21, Avg: 21,0, Max: 21, Diff: 0, Sum: 84]
      [Scan RS (ms): Min: 0,0, Avg: 0,0, Max: 0,0, Diff: 0,0, Sum: 0,0]
      [Code Root Scanning (ms): Min: 0,0, Avg: 0,0, Max: 0,0, Diff: 0,0, Sum: 0,0]
      [Object Copy (ms): Min: 27,6, Avg: 27,7, Max: 27,8, Diff: 0,3, Sum: 110,8]
      [Termination (ms): Min: 0,0, Avg: 0,0, Max: 0,0, Diff: 0,0, Sum: 0,0]
         [Termination Attempts: Min: 1, Avg: 21,2, Max: 32, Diff: 31, Sum: 85]
      [GC Worker Other (ms): Min: 0,0, Avg: 0,0, Max: 0,0, Diff: 0,0, Sum: 0,0]
      [GC Worker Total (ms): Min: 40,3, Avg: 40,3, Max: 40,4, Diff: 0,1, Sum: 161,2]
      [GC Worker End (ms): Min: 6596,2, Avg: 6596,2, Max: 6596,2, Diff: 0,0]
   [Code Root Fixup: 0,0 ms]
   [Code Root Purge: 0,0 ms]
   [Clear CT: 0,1 ms]
   [Other: 0,3 ms]
      [Choose CSet: 0,0 ms]
      [Ref Proc: 0,1 ms]
      [Ref Enq: 0,0 ms]
      [Redirty Cards: 0,1 ms]
      [Humongous Register: 0,0 ms]
      [Humongous Reclaim: 0,0 ms]
      [Free CSet: 0,0 ms]
   [Eden: 41,0M(63,0M)->0,0B(23,0M) Survivors: 0,0B->8192,0K Heap: 184,0M(256,0M)->185,0M(256,0M)]
 [Times: user=0,17 sys=0,00, real=0,04 secs] 
2017-11-12T11:17:04.565+0300: 6,597: [GC concurrent-root-region-scan-start]
2017-11-12T11:17:04.572+0300: 6,604: [GC concurrent-root-region-scan-end, 0,0070937 secs]
2017-11-12T11:17:04.572+0300: 6,604: [GC concurrent-mark-start]
2017-11-12T11:17:04.713+0300: 6,745: [GC pause (G1 Humongous Allocation) (young), 0,0211467 secs]
   [Parallel Time: 20,6 ms, GC Workers: 4]
      [GC Worker Start (ms): Min: 6745,0, Avg: 6745,0, Max: 6745,0, Diff: 0,0]
      [Ext Root Scanning (ms): Min: 0,1, Avg: 0,1, Max: 0,1, Diff: 0,0, Sum: 0,5]
      [Update RS (ms): Min: 19,7, Avg: 19,9, Max: 20,1, Diff: 0,4, Sum: 79,4]
         [Processed Buffers: Min: 64, Avg: 64,5, Max: 65, Diff: 1, Sum: 258]
      [Scan RS (ms): Min: 0,3, Avg: 0,5, Max: 0,7, Diff: 0,4, Sum: 1,9]
      [Code Root Scanning (ms): Min: 0,0, Avg: 0,0, Max: 0,0, Diff: 0,0, Sum: 0,0]
      [Object Copy (ms): Min: 0,0, Avg: 0,0, Max: 0,0, Diff: 0,0, Sum: 0,0]
      [Termination (ms): Min: 0,0, Avg: 0,0, Max: 0,0, Diff: 0,0, Sum: 0,1]
         [Termination Attempts: Min: 1, Avg: 1,0, Max: 1, Diff: 0, Sum: 4]
      [GC Worker Other (ms): Min: 0,0, Avg: 0,0, Max: 0,0, Diff: 0,0, Sum: 0,0]
      [GC Worker Total (ms): Min: 20,5, Avg: 20,5, Max: 20,5, Diff: 0,0, Sum: 81,9]
      [GC Worker End (ms): Min: 6765,5, Avg: 6765,5, Max: 6765,5, Diff: 0,0]
   [Code Root Fixup: 0,0 ms]
   [Code Root Purge: 0,0 ms]
   [Clear CT: 0,1 ms]
   [Other: 0,5 ms]
      [Choose CSet: 0,0 ms]
      [Ref Proc: 0,2 ms]
      [Ref Enq: 0,0 ms]
      [Redirty Cards: 0,0 ms]
      [Humongous Register: 0,0 ms]
      [Humongous Reclaim: 0,0 ms]
      [Free CSet: 0,0 ms]
   [Eden: 1024,0K(23,0M)->0,0B(11,0M) Survivors: 8192,0K->1024,0K Heap: 217,6M(256,0M)->209,6M(256,0M)]
 [Times: user=0,09 sys=0,00, real=0,03 secs] 
2017-11-12T11:17:04.735+0300: 6,766: [Full GC (Allocation Failure)  209M->80M(256M), 0,2622435 secs]
   [Eden: 0,0B(11,0M)->0,0B(76,0M) Survivors: 1024,0K->0,0B Heap: 209,6M(256,0M)->80,8M(256,0M)], [Metaspace: 2911K->2911K(1056768K)]
 [Times: user=0,34 sys=0,01, real=0,26 secs] 
2017-11-12T11:17:04.997+0300: 7,028: [GC concurrent-mark-abort]
2017-11-12T11:17:05.036+0300: 7,068: [GC pause (G1 Humongous Allocation) (young) (initial-mark), 0,0381839 secs]
   [Parallel Time: 37,5 ms, GC Workers: 4]
      [GC Worker Start (ms): Min: 7067,9, Avg: 7068,0, Max: 7068,0, Diff: 0,1]
      [Ext Root Scanning (ms): Min: 0,1, Avg: 0,1, Max: 0,2, Diff: 0,1, Sum: 0,5]
      [Update RS (ms): Min: 15,0, Avg: 15,1, Max: 15,4, Diff: 0,4, Sum: 60,6]
         [Processed Buffers: Min: 27, Avg: 27,8, Max: 28, Diff: 1, Sum: 111]
      [Scan RS (ms): Min: 0,0, Avg: 0,0, Max: 0,0, Diff: 0,0, Sum: 0,0]
      [Code Root Scanning (ms): Min: 0,0, Avg: 0,0, Max: 0,0, Diff: 0,0, Sum: 0,0]
      [Object Copy (ms): Min: 21,8, Avg: 22,0, Max: 22,1, Diff: 0,4, Sum: 88,1]
      [Termination (ms): Min: 0,0, Avg: 0,0, Max: 0,0, Diff: 0,0, Sum: 0,0]
         [Termination Attempts: Min: 1, Avg: 21,0, Max: 31, Diff: 30, Sum: 84]
      [GC Worker Other (ms): Min: 0,0, Avg: 0,0, Max: 0,0, Diff: 0,0, Sum: 0,0]
      [GC Worker Total (ms): Min: 37,3, Avg: 37,3, Max: 37,4, Diff: 0,1, Sum: 149,3]
      [GC Worker End (ms): Min: 7105,3, Avg: 7105,3, Max: 7105,3, Diff: 0,0]
   [Code Root Fixup: 0,0 ms]
   [Code Root Purge: 0,0 ms]
   [Clear CT: 0,3 ms]
   [Other: 0,5 ms]
      [Choose CSet: 0,0 ms]
      [Ref Proc: 0,2 ms]
      [Ref Enq: 0,0 ms]
      [Redirty Cards: 0,1 ms]
      [Humongous Register: 0,0 ms]
      [Humongous Reclaim: 0,0 ms]
      [Free CSet: 0,0 ms]
   [Eden: 33,0M(76,0M)->0,0B(45,0M) Survivors: 0,0B->10,0M Heap: 137,4M(256,0M)->138,4M(256,0M)]
 [Times: user=0,15 sys=0,00, real=0,04 secs] 
2017-11-12T11:17:05.075+0300: 7,106: [GC concurrent-root-region-scan-start]
2017-11-12T11:17:05.083+0300: 7,114: [GC concurrent-root-region-scan-end, 0,0082844 secs]
2017-11-12T11:17:05.083+0300: 7,114: [GC concurrent-mark-start]
2017-11-12T11:17:05.285+0300: 7,317: [GC pause (G1 Evacuation Pause) (young) (to-space exhausted), 0,4552745 secs]
   [Parallel Time: 435,9 ms, GC Workers: 4]
      [GC Worker Start (ms): Min: 7316,7, Avg: 7316,8, Max: 7316,9, Diff: 0,2]
      [Ext Root Scanning (ms): Min: 0,1, Avg: 0,1, Max: 0,2, Diff: 0,2, Sum: 0,6]
      [Update RS (ms): Min: 17,4, Avg: 17,5, Max: 17,6, Diff: 0,2, Sum: 70,0]
         [Processed Buffers: Min: 29, Avg: 29,8, Max: 30, Diff: 1, Sum: 119]
      [Scan RS (ms): Min: 1,7, Avg: 1,8, Max: 1,9, Diff: 0,2, Sum: 7,2]
      [Code Root Scanning (ms): Min: 0,0, Avg: 0,0, Max: 0,0, Diff: 0,0, Sum: 0,0]
      [Object Copy (ms): Min: 416,2, Avg: 416,3, Max: 416,3, Diff: 0,1, Sum: 1665,0]
      [Termination (ms): Min: 0,0, Avg: 0,0, Max: 0,0, Diff: 0,0, Sum: 0,1]
         [Termination Attempts: Min: 1, Avg: 93,2, Max: 131, Diff: 130, Sum: 373]
      [GC Worker Other (ms): Min: 0,0, Avg: 0,0, Max: 0,0, Diff: 0,0, Sum: 0,0]
      [GC Worker Total (ms): Min: 435,6, Avg: 435,7, Max: 435,8, Diff: 0,2, Sum: 1742,9]
      [GC Worker End (ms): Min: 7752,6, Avg: 7752,6, Max: 7752,6, Diff: 0,0]
   [Code Root Fixup: 0,0 ms]
   [Code Root Purge: 0,0 ms]
   [Clear CT: 0,0 ms]
   [Other: 19,4 ms]
      [Evacuation Failure: 19,1 ms]
      [Choose CSet: 0,0 ms]
      [Ref Proc: 0,0 ms]
      [Ref Enq: 0,0 ms]
      [Redirty Cards: 0,1 ms]
      [Humongous Register: 0,0 ms]
      [Humongous Reclaim: 0,0 ms]
      [Free CSet: 0,0 ms]
   [Eden: 45,0M(45,0M)->0,0B(5120,0K) Survivors: 10,0M->7168,0K Heap: 219,6M(256,0M)->221,1M(256,0M)]
 [Times: user=1,16 sys=0,16, real=0,46 secs] 
2017-11-12T11:17:05.741+0300: 7,772: [GC pause (G1 Humongous Allocation) (young), 0,0239262 secs]
   [Parallel Time: 23,8 ms, GC Workers: 4]
      [GC Worker Start (ms): Min: 7772,3, Avg: 7772,3, Max: 7772,3, Diff: 0,0]
      [Ext Root Scanning (ms): Min: 0,1, Avg: 0,1, Max: 0,1, Diff: 0,0, Sum: 0,5]
      [Update RS (ms): Min: 17,4, Avg: 17,5, Max: 17,5, Diff: 0,1, Sum: 69,8]
         [Processed Buffers: Min: 56, Avg: 60,5, Max: 68, Diff: 12, Sum: 242]
      [Scan RS (ms): Min: 0,0, Avg: 0,0, Max: 0,0, Diff: 0,0, Sum: 0,0]
      [Code Root Scanning (ms): Min: 0,0, Avg: 0,0, Max: 0,0, Diff: 0,0, Sum: 0,0]
      [Object Copy (ms): Min: 6,0, Avg: 6,1, Max: 6,1, Diff: 0,1, Sum: 24,4]
      [Termination (ms): Min: 0,0, Avg: 0,0, Max: 0,0, Diff: 0,0, Sum: 0,0]
         [Termination Attempts: Min: 1, Avg: 5,5, Max: 8, Diff: 7, Sum: 22]
      [GC Worker Other (ms): Min: 0,0, Avg: 0,0, Max: 0,0, Diff: 0,0, Sum: 0,0]
      [GC Worker Total (ms): Min: 23,7, Avg: 23,7, Max: 23,7, Diff: 0,0, Sum: 94,7]
      [GC Worker End (ms): Min: 7796,0, Avg: 7796,0, Max: 7796,0, Diff: 0,0]
   [Code Root Fixup: 0,0 ms]
   [Code Root Purge: 0,0 ms]
   [Clear CT: 0,0 ms]
   [Other: 0,1 ms]
      [Choose CSet: 0,0 ms]
      [Ref Proc: 0,1 ms]
      [Ref Enq: 0,0 ms]
      [Redirty Cards: 0,0 ms]
      [Humongous Register: 0,0 ms]
      [Humongous Reclaim: 0,0 ms]
      [Free CSet: 0,0 ms]
   [Eden: 1024,0K(5120,0K)->0,0B(10,0M) Survivors: 7168,0K->2048,0K Heap: 221,2M(256,0M)->223,6M(256,0M)]
 [Times: user=0,09 sys=0,00, real=0,02 secs] 
2017-11-12T11:17:05.765+0300: 7,796: [Full GC (Allocation Failure)  223M->178M(256M), 0,5397503 secs]
   [Eden: 0,0B(10,0M)->0,0B(26,0M) Survivors: 2048,0K->0,0B Heap: 223,6M(256,0M)->178,1M(256,0M)], [Metaspace: 2911K->2911K(1056768K)]
 [Times: user=0,69 sys=0,00, real=0,54 secs] 
2017-11-12T11:17:06.305+0300: 8,336: [GC concurrent-mark-abort]
2017-11-12T11:17:06.369+0300: 8,400: [GC pause (G1 Humongous Allocation) (young) (initial-mark), 0,0201647 secs]
   [Parallel Time: 19,5 ms, GC Workers: 4]
      [GC Worker Start (ms): Min: 8400,5, Avg: 8400,6, Max: 8400,6, Diff: 0,1]
      [Ext Root Scanning (ms): Min: 0,1, Avg: 0,1, Max: 0,2, Diff: 0,1, Sum: 0,6]
      [Update RS (ms): Min: 18,9, Avg: 19,1, Max: 19,2, Diff: 0,2, Sum: 76,2]
         [Processed Buffers: Min: 33, Avg: 35,5, Max: 37, Diff: 4, Sum: 142]
      [Scan RS (ms): Min: 0,0, Avg: 0,0, Max: 0,0, Diff: 0,0, Sum: 0,0]
      [Code Root Scanning (ms): Min: 0,0, Avg: 0,0, Max: 0,0, Diff: 0,0, Sum: 0,0]
      [Object Copy (ms): Min: 0,0, Avg: 0,0, Max: 0,0, Diff: 0,0, Sum: 0,0]
      [Termination (ms): Min: 0,0, Avg: 0,1, Max: 0,3, Diff: 0,3, Sum: 0,6]
         [Termination Attempts: Min: 1, Avg: 1,0, Max: 1, Diff: 0, Sum: 4]
      [GC Worker Other (ms): Min: 0,0, Avg: 0,0, Max: 0,0, Diff: 0,0, Sum: 0,0]
      [GC Worker Total (ms): Min: 19,3, Avg: 19,3, Max: 19,4, Diff: 0,1, Sum: 77,4]
      [GC Worker End (ms): Min: 8419,9, Avg: 8419,9, Max: 8419,9, Diff: 0,0]
   [Code Root Fixup: 0,0 ms]
   [Code Root Purge: 0,0 ms]
   [Clear CT: 0,2 ms]
   [Other: 0,4 ms]
      [Choose CSet: 0,0 ms]
      [Ref Proc: 0,2 ms]
      [Ref Enq: 0,0 ms]
      [Redirty Cards: 0,1 ms]
      [Humongous Register: 0,0 ms]
      [Humongous Reclaim: 0,0 ms]
      [Free CSet: 0,0 ms]
   [Eden: 1024,0K(26,0M)->0,0B(17,0M) Survivors: 0,0B->1024,0K Heap: 196,4M(256,0M)->196,3M(256,0M)]
 [Times: user=0,08 sys=0,00, real=0,02 secs] 
2017-11-12T11:17:06.389+0300: 8,421: [GC concurrent-root-region-scan-start]
2017-11-12T11:17:06.389+0300: 8,421: [GC concurrent-root-region-scan-end, 0,0000882 secs]
2017-11-12T11:17:06.389+0300: 8,421: [GC concurrent-mark-start]
2017-11-12T11:17:06.460+0300: 8,491: [GC pause (G1 Evacuation Pause) (young) (to-space exhausted), 0,4547777 secs]
   [Parallel Time: 442,5 ms, GC Workers: 4]
      [GC Worker Start (ms): Min: 8491,5, Avg: 8491,6, Max: 8491,6, Diff: 0,0]
      [Ext Root Scanning (ms): Min: 0,1, Avg: 0,1, Max: 0,1, Diff: 0,0, Sum: 0,5]
      [Update RS (ms): Min: 26,8, Avg: 26,9, Max: 27,1, Diff: 0,4, Sum: 107,8]
         [Processed Buffers: Min: 51, Avg: 51,5, Max: 53, Diff: 2, Sum: 206]
      [Scan RS (ms): Min: 0,0, Avg: 0,0, Max: 0,0, Diff: 0,0, Sum: 0,0]
      [Code Root Scanning (ms): Min: 0,0, Avg: 0,0, Max: 0,0, Diff: 0,0, Sum: 0,0]
      [Object Copy (ms): Min: 415,2, Avg: 415,4, Max: 415,5, Diff: 0,3, Sum: 1661,4]
      [Termination (ms): Min: 0,0, Avg: 0,0, Max: 0,1, Diff: 0,1, Sum: 0,1]
         [Termination Attempts: Min: 1, Avg: 2,5, Max: 4, Diff: 3, Sum: 10]
      [GC Worker Other (ms): Min: 0,0, Avg: 0,0, Max: 0,0, Diff: 0,0, Sum: 0,0]
      [GC Worker Total (ms): Min: 442,4, Avg: 442,4, Max: 442,5, Diff: 0,0, Sum: 1769,8]
      [GC Worker End (ms): Min: 8934,0, Avg: 8934,0, Max: 8934,0, Diff: 0,0]
   [Code Root Fixup: 0,0 ms]
   [Code Root Purge: 0,0 ms]
   [Clear CT: 0,0 ms]
   [Other: 12,2 ms]
      [Evacuation Failure: 12,0 ms]
      [Choose CSet: 0,0 ms]
      [Ref Proc: 0,0 ms]
      [Ref Enq: 0,0 ms]
      [Redirty Cards: 0,1 ms]
      [Humongous Register: 0,0 ms]
      [Humongous Reclaim: 0,0 ms]
      [Free CSet: 0,0 ms]
   [Eden: 13,0M(17,0M)->0,0B(12,0M) Survivors: 1024,0K->0,0B Heap: 253,6M(256,0M)->253,6M(256,0M)]
 [Times: user=0,93 sys=0,16, real=0,46 secs] 
2017-11-12T11:17:06.915+0300: 8,946: [GC pause (G1 Evacuation Pause) (young), 0,0040709 secs]
   [Parallel Time: 3,8 ms, GC Workers: 4]
      [GC Worker Start (ms): Min: 8946,5, Avg: 8946,5, Max: 8946,6, Diff: 0,1]
      [Ext Root Scanning (ms): Min: 0,1, Avg: 0,1, Max: 0,1, Diff: 0,1, Sum: 0,5]
      [Update RS (ms): Min: 3,5, Avg: 3,6, Max: 3,6, Diff: 0,1, Sum: 14,3]
         [Processed Buffers: Min: 7, Avg: 14,5, Max: 21, Diff: 14, Sum: 58]
      [Scan RS (ms): Min: 0,0, Avg: 0,0, Max: 0,0, Diff: 0,0, Sum: 0,0]
      [Code Root Scanning (ms): Min: 0,0, Avg: 0,0, Max: 0,0, Diff: 0,0, Sum: 0,0]
      [Object Copy (ms): Min: 0,0, Avg: 0,0, Max: 0,0, Diff: 0,0, Sum: 0,0]
      [Termination (ms): Min: 0,0, Avg: 0,0, Max: 0,1, Diff: 0,1, Sum: 0,1]
         [Termination Attempts: Min: 1, Avg: 1,0, Max: 1, Diff: 0, Sum: 4]
      [GC Worker Other (ms): Min: 0,0, Avg: 0,0, Max: 0,0, Diff: 0,0, Sum: 0,0]
      [GC Worker Total (ms): Min: 3,7, Avg: 3,7, Max: 3,8, Diff: 0,1, Sum: 14,9]
      [GC Worker End (ms): Min: 8950,3, Avg: 8950,3, Max: 8950,3, Diff: 0,0]
   [Code Root Fixup: 0,0 ms]
   [Code Root Purge: 0,0 ms]
   [Clear CT: 0,0 ms]
   [Other: 0,2 ms]
      [Choose CSet: 0,0 ms]
      [Ref Proc: 0,1 ms]
      [Ref Enq: 0,0 ms]
      [Redirty Cards: 0,0 ms]
      [Humongous Register: 0,0 ms]
      [Humongous Reclaim: 0,0 ms]
      [Free CSet: 0,0 ms]
   [Eden: 0,0B(12,0M)->0,0B(12,0M) Survivors: 0,0B->0,0B Heap: 253,6M(256,0M)->253,6M(256,0M)]
 [Times: user=0,01 sys=0,00, real=0,00 secs] 
2017-11-12T11:17:06.919+0300: 8,951: [Full GC (Allocation Failure)  253M->110M(256M), 0,3711193 secs]
   [Eden: 0,0B(12,0M)->0,0B(68,0M) Survivors: 0,0B->0,0B Heap: 253,6M(256,0M)->110,7M(256,0M)], [Metaspace: 2911K->2911K(1056768K)]
 [Times: user=0,48 sys=0,01, real=0,37 secs] 
2017-11-12T11:17:07.290+0300: 9,322: [GC concurrent-mark-abort]
2017-11-12T11:17:07.314+0300: 9,345: [GC pause (G1 Humongous Allocation) (young) (initial-mark), 0,0233332 secs]
   [Parallel Time: 22,7 ms, GC Workers: 4]
      [GC Worker Start (ms): Min: 9345,3, Avg: 9345,4, Max: 9345,4, Diff: 0,1]
      [Ext Root Scanning (ms): Min: 0,1, Avg: 0,1, Max: 0,2, Diff: 0,1, Sum: 0,5]
      [Update RS (ms): Min: 6,3, Avg: 6,5, Max: 6,7, Diff: 0,4, Sum: 26,0]
         [Processed Buffers: Min: 11, Avg: 11,5, Max: 13, Diff: 2, Sum: 46]
      [Scan RS (ms): Min: 0,0, Avg: 0,0, Max: 0,0, Diff: 0,0, Sum: 0,0]
      [Code Root Scanning (ms): Min: 0,0, Avg: 0,0, Max: 0,0, Diff: 0,0, Sum: 0,0]
      [Object Copy (ms): Min: 15,7, Avg: 15,9, Max: 16,1, Diff: 0,4, Sum: 63,6]
      [Termination (ms): Min: 0,0, Avg: 0,0, Max: 0,0, Diff: 0,0, Sum: 0,0]
         [Termination Attempts: Min: 1, Avg: 11,2, Max: 17, Diff: 16, Sum: 45]
      [GC Worker Other (ms): Min: 0,0, Avg: 0,0, Max: 0,0, Diff: 0,0, Sum: 0,1]
      [GC Worker Total (ms): Min: 22,5, Avg: 22,6, Max: 22,6, Diff: 0,1, Sum: 90,3]
      [GC Worker End (ms): Min: 9367,9, Avg: 9367,9, Max: 9367,9, Diff: 0,0]
   [Code Root Fixup: 0,0 ms]
   [Code Root Purge: 0,0 ms]
   [Clear CT: 0,2 ms]
   [Other: 0,4 ms]
      [Choose CSet: 0,0 ms]
      [Ref Proc: 0,2 ms]
      [Ref Enq: 0,0 ms]
      [Redirty Cards: 0,1 ms]
      [Humongous Register: 0,0 ms]
      [Humongous Reclaim: 0,0 ms]
      [Free CSet: 0,0 ms]
   [Eden: 23,0M(68,0M)->0,0B(51,0M) Survivors: 0,0B->9216,0K Heap: 133,2M(256,0M)->133,5M(256,0M)]
 [Times: user=0,09 sys=0,00, real=0,02 secs] 
2017-11-12T11:17:07.337+0300: 9,369: [GC concurrent-root-region-scan-start]
2017-11-12T11:17:07.345+0300: 9,376: [GC concurrent-root-region-scan-end, 0,0078352 secs]
2017-11-12T11:17:07.345+0300: 9,377: [GC concurrent-mark-start]
2017-11-12T11:17:07.579+0300: 9,611: [GC pause (G1 Humongous Allocation) (young), 0,0363184 secs]
   [Parallel Time: 35,7 ms, GC Workers: 4]
      [GC Worker Start (ms): Min: 9610,9, Avg: 9611,0, Max: 9611,1, Diff: 0,1]
      [Ext Root Scanning (ms): Min: 0,1, Avg: 0,1, Max: 0,2, Diff: 0,1, Sum: 0,5]
      [Update RS (ms): Min: 21,1, Avg: 21,1, Max: 21,2, Diff: 0,1, Sum: 84,4]
         [Processed Buffers: Min: 37, Avg: 39,2, Max: 40, Diff: 3, Sum: 157]
      [Scan RS (ms): Min: 4,2, Avg: 4,3, Max: 4,3, Diff: 0,2, Sum: 17,1]
      [Code Root Scanning (ms): Min: 0,0, Avg: 0,0, Max: 0,0, Diff: 0,0, Sum: 0,0]
      [Object Copy (ms): Min: 10,0, Avg: 10,0, Max: 10,1, Diff: 0,0, Sum: 40,2]
      [Termination (ms): Min: 0,0, Avg: 0,0, Max: 0,0, Diff: 0,0, Sum: 0,0]
         [Termination Attempts: Min: 1, Avg: 68,8, Max: 102, Diff: 101, Sum: 275]
      [GC Worker Other (ms): Min: 0,0, Avg: 0,0, Max: 0,0, Diff: 0,0, Sum: 0,1]
      [GC Worker Total (ms): Min: 35,5, Avg: 35,6, Max: 35,6, Diff: 0,1, Sum: 142,3]
      [GC Worker End (ms): Min: 9646,6, Avg: 9646,6, Max: 9646,6, Diff: 0,0]
   [Code Root Fixup: 0,0 ms]
   [Code Root Purge: 0,0 ms]
   [Clear CT: 0,1 ms]
   [Other: 0,5 ms]
      [Choose CSet: 0,0 ms]
      [Ref Proc: 0,1 ms]
      [Ref Enq: 0,0 ms]
      [Redirty Cards: 0,1 ms]
      [Humongous Register: 0,0 ms]
      [Humongous Reclaim: 0,0 ms]
      [Free CSet: 0,1 ms]
   [Eden: 50,0M(51,0M)->0,0B(20,0M) Survivors: 9216,0K->1024,0K Heap: 242,8M(256,0M)->194,0M(256,0M)]
 [Times: user=0,14 sys=0,00, real=0,04 secs] 
2017-11-12T11:17:07.616+0300: 9,647: [GC concurrent-mark-reset-for-overflow]
2017-11-12T11:17:07.650+0300: 9,681: [GC pause (G1 Humongous Allocation) (young), 0,0245067 secs]
   [Parallel Time: 23,5 ms, GC Workers: 4]
      [GC Worker Start (ms): Min: 9681,8, Avg: 9681,9, Max: 9681,9, Diff: 0,1]
      [Ext Root Scanning (ms): Min: 0,1, Avg: 0,1, Max: 0,2, Diff: 0,1, Sum: 0,5]
      [Update RS (ms): Min: 22,7, Avg: 22,9, Max: 23,1, Diff: 0,4, Sum: 91,7]
         [Processed Buffers: Min: 44, Avg: 44,0, Max: 44, Diff: 0, Sum: 176]
      [Scan RS (ms): Min: 0,0, Avg: 0,0, Max: 0,0, Diff: 0,0, Sum: 0,0]
      [Code Root Scanning (ms): Min: 0,0, Avg: 0,0, Max: 0,0, Diff: 0,0, Sum: 0,0]
      [Object Copy (ms): Min: 0,0, Avg: 0,0, Max: 0,0, Diff: 0,0, Sum: 0,0]
      [Termination (ms): Min: 0,0, Avg: 0,2, Max: 0,4, Diff: 0,4, Sum: 0,9]
         [Termination Attempts: Min: 1, Avg: 1,0, Max: 1, Diff: 0, Sum: 4]
      [GC Worker Other (ms): Min: 0,0, Avg: 0,0, Max: 0,0, Diff: 0,0, Sum: 0,0]
      [GC Worker Total (ms): Min: 23,3, Avg: 23,3, Max: 23,3, Diff: 0,1, Sum: 93,2]
      [GC Worker End (ms): Min: 9705,1, Avg: 9705,2, Max: 9705,2, Diff: 0,0]
   [Code Root Fixup: 0,0 ms]
   [Code Root Purge: 0,0 ms]
   [Clear CT: 0,2 ms]
   [Other: 0,7 ms]
      [Choose CSet: 0,0 ms]
      [Ref Proc: 0,2 ms]
      [Ref Enq: 0,0 ms]
      [Redirty Cards: 0,2 ms]
      [Humongous Register: 0,0 ms]
      [Humongous Reclaim: 0,0 ms]
      [Free CSet: 0,0 ms]
   [Eden: 1024,0K(20,0M)->0,0B(11,0M) Survivors: 1024,0K->1024,0K Heap: 213,8M(256,0M)->213,4M(256,0M)]
 [Times: user=0,10 sys=0,00, real=0,03 secs] 
2017-11-12T11:17:07.675+0300: 9,706: [Full GC (Allocation Failure)  213M->97M(256M), 0,2867820 secs]
   [Eden: 0,0B(11,0M)->0,0B(75,0M) Survivors: 1024,0K->0,0B Heap: 213,4M(256,0M)->97,7M(256,0M)], [Metaspace: 2911K->2911K(1056768K)]
 [Times: user=0,39 sys=0,01, real=0,28 secs] 
2017-11-12T11:17:07.962+0300: 9,993: [GC concurrent-mark-abort]
2017-11-12T11:17:08.010+0300: 10,041: [GC pause (G1 Humongous Allocation) (young) (initial-mark), 0,0430876 secs]
   [Parallel Time: 42,1 ms, GC Workers: 4]
      [GC Worker Start (ms): Min: 10041,5, Avg: 10041,5, Max: 10041,6, Diff: 0,1]
      [Ext Root Scanning (ms): Min: 0,1, Avg: 0,1, Max: 0,2, Diff: 0,1, Sum: 0,5]
      [Update RS (ms): Min: 15,5, Avg: 15,8, Max: 15,9, Diff: 0,4, Sum: 63,2]
         [Processed Buffers: Min: 26, Avg: 27,0, Max: 28, Diff: 2, Sum: 108]
      [Scan RS (ms): Min: 0,0, Avg: 0,0, Max: 0,0, Diff: 0,0, Sum: 0,0]
      [Code Root Scanning (ms): Min: 0,0, Avg: 0,0, Max: 0,0, Diff: 0,0, Sum: 0,0]
      [Object Copy (ms): Min: 25,9, Avg: 26,0, Max: 26,3, Diff: 0,4, Sum: 104,0]
      [Termination (ms): Min: 0,0, Avg: 0,0, Max: 0,0, Diff: 0,0, Sum: 0,0]
         [Termination Attempts: Min: 1, Avg: 8,8, Max: 12, Diff: 11, Sum: 35]
      [GC Worker Other (ms): Min: 0,0, Avg: 0,0, Max: 0,0, Diff: 0,0, Sum: 0,0]
      [GC Worker Total (ms): Min: 41,9, Avg: 41,9, Max: 42,0, Diff: 0,1, Sum: 167,7]
      [GC Worker End (ms): Min: 10083,5, Avg: 10083,5, Max: 10083,5, Diff: 0,0]
   [Code Root Fixup: 0,0 ms]
   [Code Root Purge: 0,0 ms]
   [Clear CT: 0,4 ms]
   [Other: 0,6 ms]
      [Choose CSet: 0,0 ms]
      [Ref Proc: 0,2 ms]
      [Ref Enq: 0,0 ms]
      [Redirty Cards: 0,3 ms]
      [Humongous Register: 0,0 ms]
      [Humongous Reclaim: 0,0 ms]
      [Free CSet: 0,0 ms]
   [Eden: 39,0M(75,0M)->0,0B(33,0M) Survivors: 0,0B->10,0M Heap: 165,9M(256,0M)->167,4M(256,0M)]
 [Times: user=0,16 sys=0,00, real=0,04 secs] 
2017-11-12T11:17:08.053+0300: 10,085: [GC concurrent-root-region-scan-start]
2017-11-12T11:17:08.058+0300: 10,089: [GC pause (G1 Humongous Allocation) (young)2017-11-12T11:17:08.061+0300: 10,093: [GC concurrent-root-region-scan-end, 0,0080825 secs]
2017-11-12T11:17:08.061+0300: 10,093: [GC concurrent-mark-start]
, 0,0214650 secs]
   [Root Region Scan Waiting: 3,4 ms]
   [Parallel Time: 17,5 ms, GC Workers: 4]
      [GC Worker Start (ms): Min: 10092,8, Avg: 10092,9, Max: 10092,9, Diff: 0,1]
      [Ext Root Scanning (ms): Min: 0,1, Avg: 0,1, Max: 0,2, Diff: 0,1, Sum: 0,4]
      [Update RS (ms): Min: 10,6, Avg: 10,8, Max: 11,0, Diff: 0,5, Sum: 43,0]
         [Processed Buffers: Min: 20, Avg: 20,2, Max: 21, Diff: 1, Sum: 81]
      [Scan RS (ms): Min: 0,0, Avg: 0,0, Max: 0,0, Diff: 0,0, Sum: 0,0]
      [Code Root Scanning (ms): Min: 0,0, Avg: 0,0, Max: 0,0, Diff: 0,0, Sum: 0,0]
      [Object Copy (ms): Min: 6,3, Avg: 6,5, Max: 6,7, Diff: 0,4, Sum: 26,2]
      [Termination (ms): Min: 0,0, Avg: 0,0, Max: 0,0, Diff: 0,0, Sum: 0,0]
         [Termination Attempts: Min: 1, Avg: 2,8, Max: 4, Diff: 3, Sum: 11]
      [GC Worker Other (ms): Min: 0,0, Avg: 0,0, Max: 0,0, Diff: 0,0, Sum: 0,0]
      [GC Worker Total (ms): Min: 17,4, Avg: 17,4, Max: 17,5, Diff: 0,1, Sum: 69,7]
      [GC Worker End (ms): Min: 10110,3, Avg: 10110,3, Max: 10110,3, Diff: 0,0]
   [Code Root Fixup: 0,0 ms]
   [Code Root Purge: 0,0 ms]
   [Clear CT: 0,2 ms]
   [Other: 0,4 ms]
      [Choose CSet: 0,0 ms]
      [Ref Proc: 0,3 ms]
      [Ref Enq: 0,0 ms]
      [Redirty Cards: 0,0 ms]
      [Humongous Register: 0,0 ms]
      [Humongous Reclaim: 0,0 ms]
      [Free CSet: 0,0 ms]
   [Eden: 0,0B(33,0M)->0,0B(33,0M) Survivors: 10,0M->0,0B Heap: 167,4M(256,0M)->167,4M(256,0M)]
 [Times: user=0,07 sys=0,00, real=0,02 secs] 
2017-11-12T11:17:08.313+0300: 10,345: [GC pause (G1 Evacuation Pause) (young) (to-space exhausted), 0,5017724 secs]
   [Parallel Time: 480,3 ms, GC Workers: 4]
      [GC Worker Start (ms): Min: 10344,7, Avg: 10344,7, Max: 10344,8, Diff: 0,1]
      [Ext Root Scanning (ms): Min: 0,0, Avg: 0,1, Max: 0,2, Diff: 0,1, Sum: 0,5]
      [Update RS (ms): Min: 19,6, Avg: 19,7, Max: 19,9, Diff: 0,4, Sum: 78,9]
         [Processed Buffers: Min: 35, Avg: 35,5, Max: 36, Diff: 1, Sum: 142]
      [Scan RS (ms): Min: 0,0, Avg: 0,0, Max: 0,0, Diff: 0,0, Sum: 0,0]
      [Code Root Scanning (ms): Min: 0,0, Avg: 0,0, Max: 0,0, Diff: 0,0, Sum: 0,0]
      [Object Copy (ms): Min: 460,1, Avg: 460,3, Max: 460,5, Diff: 0,3, Sum: 1841,3]
      [Termination (ms): Min: 0,0, Avg: 0,0, Max: 0,0, Diff: 0,0, Sum: 0,0]
         [Termination Attempts: Min: 1, Avg: 1,8, Max: 3, Diff: 2, Sum: 7]
      [GC Worker Other (ms): Min: 0,0, Avg: 0,0, Max: 0,0, Diff: 0,0, Sum: 0,0]
      [GC Worker Total (ms): Min: 480,1, Avg: 480,2, Max: 480,2, Diff: 0,1, Sum: 1920,7]
      [GC Worker End (ms): Min: 10824,9, Avg: 10824,9, Max: 10824,9, Diff: 0,0]
   [Code Root Fixup: 0,0 ms]
   [Code Root Purge: 0,0 ms]
   [Clear CT: 0,0 ms]
   [Other: 21,4 ms]
      [Evacuation Failure: 21,2 ms]
      [Choose CSet: 0,0 ms]
      [Ref Proc: 0,0 ms]
      [Ref Enq: 0,0 ms]
      [Redirty Cards: 0,1 ms]
      [Humongous Register: 0,0 ms]
      [Humongous Reclaim: 0,0 ms]
      [Free CSet: 0,0 ms]
   [Eden: 33,0M(33,0M)->0,0B(7168,0K) Survivors: 0,0B->5120,0K Heap: 244,2M(256,0M)->246,7M(256,0M)]
 [Times: user=1,13 sys=0,11, real=0,51 secs] 
2017-11-12T11:17:08.815+0300: 10,846: [GC concurrent-mark-reset-for-overflow]
2017-11-12T11:17:08.823+0300: 10,854: [GC pause (G1 Evacuation Pause) (young) (to-space exhausted), 0,3407324 secs]
   [Parallel Time: 330,9 ms, GC Workers: 4]
      [GC Worker Start (ms): Min: 10854,2, Avg: 10854,2, Max: 10854,3, Diff: 0,1]
      [Ext Root Scanning (ms): Min: 0,1, Avg: 0,1, Max: 0,1, Diff: 0,1, Sum: 0,5]
      [Update RS (ms): Min: 10,7, Avg: 11,0, Max: 11,2, Diff: 0,6, Sum: 44,1]
         [Processed Buffers: Min: 20, Avg: 37,5, Max: 50, Diff: 30, Sum: 150]
      [Scan RS (ms): Min: 0,0, Avg: 0,0, Max: 0,0, Diff: 0,0, Sum: 0,0]
      [Code Root Scanning (ms): Min: 0,0, Avg: 0,0, Max: 0,0, Diff: 0,0, Sum: 0,0]
      [Object Copy (ms): Min: 319,5, Avg: 319,7, Max: 320,1, Diff: 0,6, Sum: 1278,9]
      [Termination (ms): Min: 0,0, Avg: 0,0, Max: 0,0, Diff: 0,0, Sum: 0,0]
         [Termination Attempts: Min: 1, Avg: 5,2, Max: 8, Diff: 7, Sum: 21]
      [GC Worker Other (ms): Min: 0,0, Avg: 0,0, Max: 0,0, Diff: 0,0, Sum: 0,0]
      [GC Worker Total (ms): Min: 330,9, Avg: 330,9, Max: 330,9, Diff: 0,1, Sum: 1323,6]
      [GC Worker End (ms): Min: 11185,1, Avg: 11185,1, Max: 11185,1, Diff: 0,0]
   [Code Root Fixup: 0,0 ms]
   [Code Root Purge: 0,0 ms]
   [Clear CT: 0,0 ms]
   [Other: 9,8 ms]
      [Evacuation Failure: 9,6 ms]
      [Choose CSet: 0,0 ms]
      [Ref Proc: 0,0 ms]
      [Ref Enq: 0,0 ms]
      [Redirty Cards: 0,1 ms]
      [Humongous Register: 0,0 ms]
      [Humongous Reclaim: 0,0 ms]
      [Free CSet: 0,0 ms]
   [Eden: 7168,0K(7168,0K)->0,0B(12,0M) Survivors: 5120,0K->0,0B Heap: 253,7M(256,0M)->253,7M(256,0M)]
 [Times: user=0,75 sys=0,12, real=0,34 secs] 
2017-11-12T11:17:09.164+0300: 11,195: [GC pause (G1 Evacuation Pause) (young), 0,0033607 secs]
   [Parallel Time: 3,2 ms, GC Workers: 4]
      [GC Worker Start (ms): Min: 11195,1, Avg: 11195,2, Max: 11195,2, Diff: 0,0]
      [Ext Root Scanning (ms): Min: 0,1, Avg: 0,1, Max: 0,1, Diff: 0,0, Sum: 0,5]
      [Update RS (ms): Min: 3,0, Avg: 3,0, Max: 3,0, Diff: 0,0, Sum: 12,1]
         [Processed Buffers: Min: 7, Avg: 12,5, Max: 18, Diff: 11, Sum: 50]
      [Scan RS (ms): Min: 0,0, Avg: 0,0, Max: 0,0, Diff: 0,0, Sum: 0,0]
      [Code Root Scanning (ms): Min: 0,0, Avg: 0,0, Max: 0,0, Diff: 0,0, Sum: 0,0]
      [Object Copy (ms): Min: 0,0, Avg: 0,0, Max: 0,0, Diff: 0,0, Sum: 0,0]
      [Termination (ms): Min: 0,0, Avg: 0,0, Max: 0,0, Diff: 0,0, Sum: 0,0]
         [Termination Attempts: Min: 1, Avg: 1,0, Max: 1, Diff: 0, Sum: 4]
      [GC Worker Other (ms): Min: 0,0, Avg: 0,0, Max: 0,0, Diff: 0,0, Sum: 0,0]
      [GC Worker Total (ms): Min: 3,1, Avg: 3,1, Max: 3,2, Diff: 0,0, Sum: 12,6]
      [GC Worker End (ms): Min: 11198,3, Avg: 11198,3, Max: 11198,3, Diff: 0,0]
   [Code Root Fixup: 0,0 ms]
   [Code Root Purge: 0,0 ms]
   [Clear CT: 0,0 ms]
   [Other: 0,1 ms]
      [Choose CSet: 0,0 ms]
      [Ref Proc: 0,1 ms]
      [Ref Enq: 0,0 ms]
      [Redirty Cards: 0,0 ms]
      [Humongous Register: 0,0 ms]
      [Humongous Reclaim: 0,0 ms]
      [Free CSet: 0,0 ms]
   [Eden: 0,0B(12,0M)->0,0B(12,0M) Survivors: 0,0B->0,0B Heap: 253,7M(256,0M)->253,7M(256,0M)]
 [Times: user=0,01 sys=0,00, real=0,01 secs] 
2017-11-12T11:17:09.167+0300: 11,199: [Full GC (Allocation Failure)  253M->200M(256M), 0,5880277 secs]
   [Eden: 0,0B(12,0M)->0,0B(16,0M) Survivors: 0,0B->0,0B Heap: 253,7M(256,0M)->200,9M(256,0M)], [Metaspace: 2911K->2911K(1056768K)]
 [Times: user=0,76 sys=0,00, real=0,59 secs] 
2017-11-12T11:17:09.755+0300: 11,787: [GC concurrent-mark-abort]
2017-11-12T11:17:09.771+0300: 11,802: [GC pause (G1 Humongous Allocation) (young) (initial-mark), 0,0163534 secs]
   [Parallel Time: 15,4 ms, GC Workers: 4]
      [GC Worker Start (ms): Min: 11802,2, Avg: 11802,3, Max: 11802,3, Diff: 0,1]
      [Ext Root Scanning (ms): Min: 0,1, Avg: 0,1, Max: 0,2, Diff: 0,1, Sum: 0,5]
      [Update RS (ms): Min: 3,9, Avg: 4,1, Max: 4,5, Diff: 0,5, Sum: 16,3]
         [Processed Buffers: Min: 7, Avg: 7,5, Max: 8, Diff: 1, Sum: 30]
      [Scan RS (ms): Min: 0,0, Avg: 0,0, Max: 0,0, Diff: 0,0, Sum: 0,0]
      [Code Root Scanning (ms): Min: 0,0, Avg: 0,0, Max: 0,0, Diff: 0,0, Sum: 0,0]
      [Object Copy (ms): Min: 10,6, Avg: 11,0, Max: 11,2, Diff: 0,5, Sum: 44,1]
      [Termination (ms): Min: 0,0, Avg: 0,0, Max: 0,0, Diff: 0,0, Sum: 0,0]
         [Termination Attempts: Min: 1, Avg: 23,5, Max: 34, Diff: 33, Sum: 94]
      [GC Worker Other (ms): Min: 0,0, Avg: 0,0, Max: 0,0, Diff: 0,0, Sum: 0,1]
      [GC Worker Total (ms): Min: 15,2, Avg: 15,3, Max: 15,3, Diff: 0,1, Sum: 61,0]
      [GC Worker End (ms): Min: 11817,5, Avg: 11817,5, Max: 11817,5, Diff: 0,0]
   [Code Root Fixup: 0,0 ms]
   [Code Root Purge: 0,0 ms]
   [Clear CT: 0,4 ms]
   [Other: 0,6 ms]
      [Choose CSet: 0,0 ms]
      [Ref Proc: 0,2 ms]
      [Ref Enq: 0,0 ms]
      [Redirty Cards: 0,3 ms]
      [Humongous Register: 0,0 ms]
      [Humongous Reclaim: 0,0 ms]
      [Free CSet: 0,0 ms]
   [Eden: 15,0M(16,0M)->0,0B(10,0M) Survivors: 0,0B->2048,0K Heap: 215,6M(256,0M)->216,7M(256,0M)]
 [Times: user=0,06 sys=0,00, real=0,02 secs] 
2017-11-12T11:17:09.787+0300: 11,819: [GC concurrent-root-region-scan-start]
2017-11-12T11:17:09.789+0300: 11,820: [GC pause (G1 Humongous Allocation) (young)2017-11-12T11:17:09.789+0300: 11,820: [GC concurrent-root-region-scan-end, 0,0017408 secs]
2017-11-12T11:17:09.789+0300: 11,820: [GC concurrent-mark-start]
, 0,0060445 secs]
   [Parallel Time: 5,5 ms, GC Workers: 4]
      [GC Worker Start (ms): Min: 11820,4, Avg: 11820,4, Max: 11820,5, Diff: 0,0]
      [Ext Root Scanning (ms): Min: 0,1, Avg: 0,1, Max: 0,1, Diff: 0,0, Sum: 0,4]
      [Update RS (ms): Min: 3,8, Avg: 3,9, Max: 4,0, Diff: 0,2, Sum: 15,5]
         [Processed Buffers: Min: 8, Avg: 8,2, Max: 9, Diff: 1, Sum: 33]
      [Scan RS (ms): Min: 0,0, Avg: 0,0, Max: 0,0, Diff: 0,0, Sum: 0,0]
      [Code Root Scanning (ms): Min: 0,0, Avg: 0,0, Max: 0,0, Diff: 0,0, Sum: 0,0]
      [Object Copy (ms): Min: 1,4, Avg: 1,5, Max: 1,6, Diff: 0,2, Sum: 6,1]
      [Termination (ms): Min: 0,0, Avg: 0,0, Max: 0,0, Diff: 0,0, Sum: 0,0]
         [Termination Attempts: Min: 1, Avg: 1,0, Max: 1, Diff: 0, Sum: 4]
      [GC Worker Other (ms): Min: 0,0, Avg: 0,0, Max: 0,0, Diff: 0,0, Sum: 0,0]
      [GC Worker Total (ms): Min: 5,5, Avg: 5,5, Max: 5,5, Diff: 0,0, Sum: 22,0]
      [GC Worker End (ms): Min: 11825,9, Avg: 11825,9, Max: 11825,9, Diff: 0,0]
   [Code Root Fixup: 0,0 ms]
   [Code Root Purge: 0,0 ms]
   [Clear CT: 0,1 ms]
   [Other: 0,4 ms]
      [Choose CSet: 0,0 ms]
      [Ref Proc: 0,2 ms]
      [Ref Enq: 0,0 ms]
      [Redirty Cards: 0,1 ms]
      [Humongous Register: 0,0 ms]
      [Humongous Reclaim: 0,0 ms]
      [Free CSet: 0,0 ms]
   [Eden: 0,0B(10,0M)->0,0B(12,0M) Survivors: 2048,0K->0,0B Heap: 216,7M(256,0M)->218,4M(256,0M)]
 [Times: user=0,02 sys=0,00, real=0,01 secs] 
2017-11-12T11:17:09.950+0300: 11,981: [GC pause (G1 Humongous Allocation) (young), 0,0238053 secs]
   [Parallel Time: 23,0 ms, GC Workers: 4]
      [GC Worker Start (ms): Min: 11981,6, Avg: 11981,7, Max: 11981,8, Diff: 0,1]
      [Ext Root Scanning (ms): Min: 0,0, Avg: 0,1, Max: 0,2, Diff: 0,1, Sum: 0,5]
      [Update RS (ms): Min: 22,6, Avg: 22,7, Max: 22,8, Diff: 0,2, Sum: 90,8]
         [Processed Buffers: Min: 44, Avg: 45,0, Max: 47, Diff: 3, Sum: 180]
      [Scan RS (ms): Min: 0,0, Avg: 0,0, Max: 0,0, Diff: 0,0, Sum: 0,0]
      [Code Root Scanning (ms): Min: 0,0, Avg: 0,0, Max: 0,0, Diff: 0,0, Sum: 0,0]
      [Object Copy (ms): Min: 0,0, Avg: 0,0, Max: 0,0, Diff: 0,0, Sum: 0,0]
      [Termination (ms): Min: 0,0, Avg: 0,1, Max: 0,2, Diff: 0,2, Sum: 0,4]
         [Termination Attempts: Min: 1, Avg: 1,0, Max: 1, Diff: 0, Sum: 4]
      [GC Worker Other (ms): Min: 0,0, Avg: 0,0, Max: 0,0, Diff: 0,0, Sum: 0,0]
      [GC Worker Total (ms): Min: 22,8, Avg: 22,9, Max: 23,0, Diff: 0,1, Sum: 91,7]
      [GC Worker End (ms): Min: 12004,6, Avg: 12004,6, Max: 12004,6, Diff: 0,0]
   [Code Root Fixup: 0,0 ms]
   [Code Root Purge: 0,0 ms]
   [Clear CT: 0,2 ms]
   [Other: 0,6 ms]
      [Choose CSet: 0,0 ms]
      [Ref Proc: 0,2 ms]
      [Ref Enq: 0,0 ms]
      [Redirty Cards: 0,2 ms]
      [Humongous Register: 0,0 ms]
      [Humongous Reclaim: 0,0 ms]
      [Free CSet: 0,0 ms]
   [Eden: 1024,0K(12,0M)->0,0B(11,0M) Survivors: 0,0B->1024,0K Heap: 240,1M(256,0M)->240,0M(256,0M)]
 [Times: user=0,09 sys=0,00, real=0,03 secs] 
2017-11-12T11:17:09.974+0300: 12,006: [Full GC (Allocation Failure)  239M->107M(256M), 0,4113981 secs]
   [Eden: 0,0B(11,0M)->0,0B(64,0M) Survivors: 1024,0K->0,0B Heap: 240,0M(256,0M)->107,4M(256,0M)], [Metaspace: 2911K->2911K(1056768K)]
 [Times: user=0,52 sys=0,01, real=0,40 secs] 
2017-11-12T11:17:10.386+0300: 12,417: [GC concurrent-mark-abort]
2017-11-12T11:17:10.395+0300: 12,426: [GC pause (G1 Humongous Allocation) (young) (initial-mark), 0,0241318 secs]
   [Parallel Time: 23,1 ms, GC Workers: 4]
      [GC Worker Start (ms): Min: 12426,5, Avg: 12426,6, Max: 12426,6, Diff: 0,1]
      [Ext Root Scanning (ms): Min: 0,1, Avg: 0,1, Max: 0,2, Diff: 0,1, Sum: 0,5]
      [Update RS (ms): Min: 22,5, Avg: 22,6, Max: 22,8, Diff: 0,3, Sum: 90,5]
         [Processed Buffers: Min: 43, Avg: 43,2, Max: 44, Diff: 1, Sum: 173]
      [Scan RS (ms): Min: 0,0, Avg: 0,0, Max: 0,0, Diff: 0,0, Sum: 0,0]
      [Code Root Scanning (ms): Min: 0,0, Avg: 0,0, Max: 0,0, Diff: 0,0, Sum: 0,0]
      [Object Copy (ms): Min: 0,0, Avg: 0,0, Max: 0,0, Diff: 0,0, Sum: 0,0]
      [Termination (ms): Min: 0,0, Avg: 0,2, Max: 0,3, Diff: 0,3, Sum: 0,6]
         [Termination Attempts: Min: 1, Avg: 1,0, Max: 1, Diff: 0, Sum: 4]
      [GC Worker Other (ms): Min: 0,0, Avg: 0,0, Max: 0,0, Diff: 0,0, Sum: 0,0]
      [GC Worker Total (ms): Min: 22,9, Avg: 22,9, Max: 23,0, Diff: 0,1, Sum: 91,7]
      [GC Worker End (ms): Min: 12449,5, Avg: 12449,5, Max: 12449,5, Diff: 0,0]
   [Code Root Fixup: 0,0 ms]
   [Code Root Purge: 0,0 ms]
   [Clear CT: 0,2 ms]
   [Other: 0,8 ms]
      [Choose CSet: 0,0 ms]
      [Ref Proc: 0,2 ms]
      [Ref Enq: 0,0 ms]
      [Redirty Cards: 0,2 ms]
      [Humongous Register: 0,0 ms]
      [Humongous Reclaim: 0,0 ms]
      [Free CSet: 0,0 ms]
   [Eden: 1024,0K(64,0M)->0,0B(58,0M) Survivors: 0,0B->1024,0K Heap: 129,3M(256,0M)->128,8M(256,0M)]
 [Times: user=0,09 sys=0,00, real=0,02 secs] 
2017-11-12T11:17:10.419+0300: 12,450: [GC concurrent-root-region-scan-start]
2017-11-12T11:17:10.419+0300: 12,450: [GC concurrent-root-region-scan-end, 0,0000821 secs]
2017-11-12T11:17:10.419+0300: 12,450: [GC concurrent-mark-start]
2017-11-12T11:17:10.620+0300: 12,652: [GC pause (G1 Evacuation Pause) (young) (to-space exhausted), 1,4855389 secs]
   [Parallel Time: 1449,4 ms, GC Workers: 4]
      [GC Worker Start (ms): Min: 12652,0, Avg: 12654,3, Max: 12661,2, Diff: 9,1]
      [Ext Root Scanning (ms): Min: 0,0, Avg: 0,1, Max: 0,2, Diff: 0,2, Sum: 0,5]
      [Update RS (ms): Min: 54,9, Avg: 61,7, Max: 64,1, Diff: 9,2, Sum: 246,8]
         [Processed Buffers: Min: 65, Avg: 90,2, Max: 113, Diff: 48, Sum: 361]
      [Scan RS (ms): Min: 0,0, Avg: 0,0, Max: 0,0, Diff: 0,0, Sum: 0,0]
      [Code Root Scanning (ms): Min: 0,0, Avg: 0,0, Max: 0,0, Diff: 0,0, Sum: 0,0]
      [Object Copy (ms): Min: 1385,1, Avg: 1385,2, Max: 1385,3, Diff: 0,2, Sum: 5540,8]
      [Termination (ms): Min: 0,0, Avg: 0,0, Max: 0,0, Diff: 0,0, Sum: 0,0]
         [Termination Attempts: Min: 1, Avg: 21,5, Max: 32, Diff: 31, Sum: 86]
      [GC Worker Other (ms): Min: 0,0, Avg: 0,0, Max: 0,0, Diff: 0,0, Sum: 0,0]
      [GC Worker Total (ms): Min: 1440,2, Avg: 1447,0, Max: 1449,3, Diff: 9,1, Sum: 5788,2]
      [GC Worker End (ms): Min: 14101,4, Avg: 14101,4, Max: 14101,4, Diff: 0,0]
   [Code Root Fixup: 0,0 ms]
   [Code Root Purge: 0,0 ms]
   [Clear CT: 0,0 ms]
   [Other: 36,1 ms]
      [Evacuation Failure: 35,8 ms]
      [Choose CSet: 0,0 ms]
      [Ref Proc: 0,0 ms]
      [Ref Enq: 0,0 ms]
      [Redirty Cards: 0,1 ms]
      [Humongous Register: 0,0 ms]
      [Humongous Reclaim: 0,0 ms]
      [Free CSet: 0,0 ms]
   [Eden: 43,0M(58,0M)->0,0B(12,0M) Survivors: 1024,0K->0,0B Heap: 252,2M(256,0M)->252,2M(256,0M)]
 [Times: user=2,96 sys=0,56, real=1,49 secs] 
2017-11-12T11:17:12.106+0300: 14,138: [GC concurrent-mark-reset-for-overflow]
2017-11-12T11:17:12.106+0300: 14,138: [GC pause (G1 Evacuation Pause) (young), 0,0240847 secs]
   [Parallel Time: 23,9 ms, GC Workers: 4]
      [GC Worker Start (ms): Min: 14137,9, Avg: 14137,9, Max: 14137,9, Diff: 0,0]
      [Ext Root Scanning (ms): Min: 0,1, Avg: 0,1, Max: 0,1, Diff: 0,0, Sum: 0,4]
      [Update RS (ms): Min: 23,7, Avg: 23,7, Max: 23,7, Diff: 0,0, Sum: 94,9]
         [Processed Buffers: Min: 53, Avg: 87,0, Max: 103, Diff: 50, Sum: 348]
      [Scan RS (ms): Min: 0,0, Avg: 0,0, Max: 0,0, Diff: 0,0, Sum: 0,0]
      [Code Root Scanning (ms): Min: 0,0, Avg: 0,0, Max: 0,0, Diff: 0,0, Sum: 0,0]
      [Object Copy (ms): Min: 0,0, Avg: 0,0, Max: 0,0, Diff: 0,0, Sum: 0,0]
      [Termination (ms): Min: 0,0, Avg: 0,0, Max: 0,0, Diff: 0,0, Sum: 0,0]
         [Termination Attempts: Min: 1, Avg: 1,0, Max: 1, Diff: 0, Sum: 4]
      [GC Worker Other (ms): Min: 0,0, Avg: 0,0, Max: 0,0, Diff: 0,0, Sum: 0,0]
      [GC Worker Total (ms): Min: 23,8, Avg: 23,9, Max: 23,9, Diff: 0,0, Sum: 95,4]
      [GC Worker End (ms): Min: 14161,8, Avg: 14161,8, Max: 14161,8, Diff: 0,0]
   [Code Root Fixup: 0,0 ms]
   [Code Root Purge: 0,0 ms]
   [Clear CT: 0,0 ms]
   [Other: 0,2 ms]
      [Choose CSet: 0,0 ms]
      [Ref Proc: 0,1 ms]
      [Ref Enq: 0,0 ms]
      [Redirty Cards: 0,0 ms]
      [Humongous Register: 0,0 ms]
      [Humongous Reclaim: 0,0 ms]
      [Free CSet: 0,0 ms]
   [Eden: 0,0B(12,0M)->0,0B(12,0M) Survivors: 0,0B->0,0B Heap: 252,2M(256,0M)->252,2M(256,0M)]
 [Times: user=0,09 sys=0,00, real=0,02 secs] 
2017-11-12T11:17:12.131+0300: 14,162: [Full GC (Allocation Failure)  252M->177M(256M), 0,4613226 secs]
   [Eden: 0,0B(12,0M)->0,0B(34,0M) Survivors: 0,0B->0,0B Heap: 252,2M(256,0M)->177,2M(256,0M)], [Metaspace: 2911K->2911K(1056768K)]
 [Times: user=0,64 sys=0,01, real=0,46 secs] 
2017-11-12T11:17:12.592+0300: 14,624: [GC concurrent-mark-abort]
2017-11-12T11:17:12.628+0300: 14,659: [GC pause (G1 Evacuation Pause) (young), 0,0341661 secs]
   [Parallel Time: 33,5 ms, GC Workers: 4]
      [GC Worker Start (ms): Min: 14659,2, Avg: 14659,2, Max: 14659,3, Diff: 0,1]
      [Ext Root Scanning (ms): Min: 0,1, Avg: 0,1, Max: 0,2, Diff: 0,1, Sum: 0,6]
      [Update RS (ms): Min: 9,5, Avg: 9,6, Max: 9,7, Diff: 0,3, Sum: 38,4]
         [Processed Buffers: Min: 17, Avg: 17,0, Max: 17, Diff: 0, Sum: 68]
      [Scan RS (ms): Min: 0,0, Avg: 0,0, Max: 0,0, Diff: 0,0, Sum: 0,0]
      [Code Root Scanning (ms): Min: 0,0, Avg: 0,0, Max: 0,0, Diff: 0,0, Sum: 0,0]
      [Object Copy (ms): Min: 23,5, Avg: 23,6, Max: 23,7, Diff: 0,3, Sum: 94,5]
      [Termination (ms): Min: 0,0, Avg: 0,0, Max: 0,0, Diff: 0,0, Sum: 0,0]
         [Termination Attempts: Min: 1, Avg: 8,2, Max: 15, Diff: 14, Sum: 33]
      [GC Worker Other (ms): Min: 0,0, Avg: 0,0, Max: 0,0, Diff: 0,0, Sum: 0,0]
      [GC Worker Total (ms): Min: 33,3, Avg: 33,4, Max: 33,4, Diff: 0,1, Sum: 133,5]
      [GC Worker End (ms): Min: 14692,6, Avg: 14692,6, Max: 14692,6, Diff: 0,0]
   [Code Root Fixup: 0,0 ms]
   [Code Root Purge: 0,0 ms]
   [Clear CT: 0,2 ms]
   [Other: 0,4 ms]
      [Choose CSet: 0,0 ms]
      [Ref Proc: 0,1 ms]
      [Ref Enq: 0,0 ms]
      [Redirty Cards: 0,1 ms]
      [Humongous Register: 0,0 ms]
      [Humongous Reclaim: 0,0 ms]
      [Free CSet: 0,0 ms]
   [Eden: 34,0M(34,0M)->0,0B(9216,0K) Survivors: 0,0B->5120,0K Heap: 211,2M(256,0M)->211,4M(256,0M)]
 [Times: user=0,13 sys=0,00, real=0,03 secs] 
2017-11-12T11:17:12.671+0300: 14,703: [GC pause (G1 Evacuation Pause) (young) (initial-mark), 0,0231056 secs]
   [Parallel Time: 22,7 ms, GC Workers: 4]
      [GC Worker Start (ms): Min: 14703,0, Avg: 14703,0, Max: 14703,1, Diff: 0,1]
      [Ext Root Scanning (ms): Min: 0,1, Avg: 0,1, Max: 0,2, Diff: 0,1, Sum: 0,5]
      [Update RS (ms): Min: 11,5, Avg: 11,7, Max: 12,0, Diff: 0,5, Sum: 47,0]
         [Processed Buffers: Min: 21, Avg: 22,2, Max: 23, Diff: 2, Sum: 89]
      [Scan RS (ms): Min: 0,0, Avg: 0,0, Max: 0,0, Diff: 0,0, Sum: 0,0]
      [Code Root Scanning (ms): Min: 0,0, Avg: 0,0, Max: 0,0, Diff: 0,0, Sum: 0,0]
      [Object Copy (ms): Min: 10,5, Avg: 10,7, Max: 11,0, Diff: 0,5, Sum: 43,0]
      [Termination (ms): Min: 0,0, Avg: 0,0, Max: 0,0, Diff: 0,0, Sum: 0,0]
         [Termination Attempts: Min: 1, Avg: 6,8, Max: 12, Diff: 11, Sum: 27]
      [GC Worker Other (ms): Min: 0,0, Avg: 0,0, Max: 0,0, Diff: 0,0, Sum: 0,1]
      [GC Worker Total (ms): Min: 22,6, Avg: 22,6, Max: 22,7, Diff: 0,1, Sum: 90,5]
      [GC Worker End (ms): Min: 14725,7, Avg: 14725,7, Max: 14725,7, Diff: 0,0]
   [Code Root Fixup: 0,0 ms]
   [Code Root Purge: 0,0 ms]
   [Clear CT: 0,1 ms]
   [Other: 0,3 ms]
      [Choose CSet: 0,0 ms]
      [Ref Proc: 0,1 ms]
      [Ref Enq: 0,0 ms]
      [Redirty Cards: 0,1 ms]
      [Humongous Register: 0,0 ms]
      [Humongous Reclaim: 0,0 ms]
      [Free CSet: 0,0 ms]
   [Eden: 9216,0K(9216,0K)->0,0B(10,0M) Survivors: 5120,0K->2048,0K Heap: 220,4M(256,0M)->221,7M(256,0M)]
 [Times: user=0,09 sys=0,00, real=0,03 secs] 
2017-11-12T11:17:12.695+0300: 14,726: [GC concurrent-root-region-scan-start]
2017-11-12T11:17:12.696+0300: 14,728: [GC concurrent-root-region-scan-end, 0,0018047 secs]
2017-11-12T11:17:12.696+0300: 14,728: [GC concurrent-mark-start]
2017-11-12T11:17:13.076+0300: 15,107: [GC pause (G1 Evacuation Pause) (young), 0,0158289 secs]
   [Parallel Time: 15,2 ms, GC Workers: 4]
      [GC Worker Start (ms): Min: 15107,5, Avg: 15107,6, Max: 15107,6, Diff: 0,1]
      [Ext Root Scanning (ms): Min: 0,1, Avg: 0,1, Max: 0,1, Diff: 0,0, Sum: 0,5]
      [Update RS (ms): Min: 6,5, Avg: 6,6, Max: 6,7, Diff: 0,2, Sum: 26,4]
         [Processed Buffers: Min: 12, Avg: 12,8, Max: 14, Diff: 2, Sum: 51]
      [Scan RS (ms): Min: 0,0, Avg: 0,0, Max: 0,0, Diff: 0,0, Sum: 0,0]
      [Code Root Scanning (ms): Min: 0,0, Avg: 0,0, Max: 0,0, Diff: 0,0, Sum: 0,0]
      [Object Copy (ms): Min: 8,2, Avg: 8,4, Max: 8,5, Diff: 0,2, Sum: 33,5]
      [Termination (ms): Min: 0,0, Avg: 0,0, Max: 0,0, Diff: 0,0, Sum: 0,0]
         [Termination Attempts: Min: 1, Avg: 5,8, Max: 11, Diff: 10, Sum: 23]
      [GC Worker Other (ms): Min: 0,0, Avg: 0,0, Max: 0,0, Diff: 0,0, Sum: 0,0]
      [GC Worker Total (ms): Min: 15,1, Avg: 15,1, Max: 15,1, Diff: 0,1, Sum: 60,4]
      [GC Worker End (ms): Min: 15122,7, Avg: 15122,7, Max: 15122,7, Diff: 0,0]
   [Code Root Fixup: 0,0 ms]
   [Code Root Purge: 0,0 ms]
   [Clear CT: 0,2 ms]
   [Other: 0,5 ms]
      [Choose CSet: 0,0 ms]
      [Ref Proc: 0,2 ms]
      [Ref Enq: 0,0 ms]
      [Redirty Cards: 0,1 ms]
      [Humongous Register: 0,0 ms]
      [Humongous Reclaim: 0,0 ms]
      [Free CSet: 0,0 ms]
   [Eden: 10,0M(10,0M)->0,0B(10,0M) Survivors: 2048,0K->2048,0K Heap: 231,7M(256,0M)->233,2M(256,0M)]
 [Times: user=0,06 sys=0,00, real=0,01 secs] 
2017-11-12T11:17:13.092+0300: 15,124: [GC concurrent-mark-reset-for-overflow]
2017-11-12T11:17:13.100+0300: 15,131: [GC pause (G1 Humongous Allocation) (young), 0,0135248 secs]
   [Parallel Time: 12,8 ms, GC Workers: 4]
      [GC Worker Start (ms): Min: 15131,2, Avg: 15131,2, Max: 15131,3, Diff: 0,1]
      [Ext Root Scanning (ms): Min: 0,0, Avg: 0,1, Max: 0,2, Diff: 0,1, Sum: 0,4]
      [Update RS (ms): Min: 4,9, Avg: 5,2, Max: 5,5, Diff: 0,5, Sum: 20,6]
         [Processed Buffers: Min: 10, Avg: 10,5, Max: 12, Diff: 2, Sum: 42]
      [Scan RS (ms): Min: 0,0, Avg: 0,0, Max: 0,0, Diff: 0,0, Sum: 0,0]
      [Code Root Scanning (ms): Min: 0,0, Avg: 0,0, Max: 0,0, Diff: 0,0, Sum: 0,0]
      [Object Copy (ms): Min: 7,1, Avg: 7,4, Max: 7,6, Diff: 0,5, Sum: 29,6]
      [Termination (ms): Min: 0,0, Avg: 0,0, Max: 0,0, Diff: 0,0, Sum: 0,0]
         [Termination Attempts: Min: 1, Avg: 11,0, Max: 18, Diff: 17, Sum: 44]
      [GC Worker Other (ms): Min: 0,0, Avg: 0,0, Max: 0,0, Diff: 0,0, Sum: 0,0]
      [GC Worker Total (ms): Min: 12,6, Avg: 12,7, Max: 12,7, Diff: 0,1, Sum: 50,7]
      [GC Worker End (ms): Min: 15143,9, Avg: 15143,9, Max: 15143,9, Diff: 0,0]
   [Code Root Fixup: 0,0 ms]
   [Code Root Purge: 0,0 ms]
   [Clear CT: 0,2 ms]
   [Other: 0,5 ms]
      [Choose CSet: 0,0 ms]
      [Ref Proc: 0,2 ms]
      [Ref Enq: 0,0 ms]
      [Redirty Cards: 0,2 ms]
      [Humongous Register: 0,0 ms]
      [Humongous Reclaim: 0,0 ms]
      [Free CSet: 0,0 ms]
   [Eden: 7168,0K(10,0M)->0,0B(10,0M) Survivors: 2048,0K->2048,0K Heap: 240,2M(256,0M)->241,2M(256,0M)]
 [Times: user=0,05 sys=0,00, real=0,01 secs] 
2017-11-12T11:17:13.113+0300: 15,145: [Full GC (Allocation Failure)  241M->237M(256M), 0,6356166 secs]
   [Eden: 0,0B(10,0M)->0,0B(12,0M) Survivors: 2048,0K->0,0B Heap: 241,2M(256,0M)->237,0M(256,0M)], [Metaspace: 2911K->2911K(1056768K)]
 [Times: user=0,88 sys=0,01, real=0,64 secs] 
2017-11-12T11:17:13.749+0300: 15,781: [Full GC (Allocation Failure)  237M->237M(256M), 0,6070312 secs]
   [Eden: 0,0B(12,0M)->0,0B(12,0M) Survivors: 0,0B->0,0B Heap: 237,0M(256,0M)->237,0M(256,0M)], [Metaspace: 2911K->2911K(1056768K)]
 [Times: user=0,83 sys=0,02, real=0,61 secs] 
2017-11-12T11:17:14.356+0300: 16,388: [GC concurrent-mark-abort]
Heap
 garbage-first heap   total 262144K, used 242691K [0x00000000f0000000, 0x00000000f0100800, 0x0000000100000000)
  region size 1024K, 1 young (1024K), 0 survivors (0K)
 Metaspace       used 2946K, capacity 4486K, committed 4864K, reserved 1056768K
  class space    used 315K, capacity 386K, committed 512K, reserved 1048576K
